Archive member included to satisfy reference by file (symbol)

c:/program files (x86)/gnu arm embedded toolchain/10 2020-q4-major/bin/../lib/gcc/arm-none-eabi/10.2.1/../../../../arm-none-eabi/lib/thumb/v7e-m+dp/hard\libc_nano.a(lib_a-errno.o)
                              Core/Src/syscalls.o (__errno)
c:/program files (x86)/gnu arm embedded toolchain/10 2020-q4-major/bin/../lib/gcc/arm-none-eabi/10.2.1/../../../../arm-none-eabi/lib/thumb/v7e-m+dp/hard\libc_nano.a(lib_a-exit.o)
                              c:/program files (x86)/gnu arm embedded toolchain/10 2020-q4-major/bin/../lib/gcc/arm-none-eabi/10.2.1/../../../../arm-none-eabi/lib/thumb/v7e-m+dp/hard/crt0.o (exit)
c:/program files (x86)/gnu arm embedded toolchain/10 2020-q4-major/bin/../lib/gcc/arm-none-eabi/10.2.1/../../../../arm-none-eabi/lib/thumb/v7e-m+dp/hard\libc_nano.a(lib_a-impure.o)
                              c:/program files (x86)/gnu arm embedded toolchain/10 2020-q4-major/bin/../lib/gcc/arm-none-eabi/10.2.1/../../../../arm-none-eabi/lib/thumb/v7e-m+dp/hard\libc_nano.a(lib_a-exit.o) (_global_impure_ptr)
c:/program files (x86)/gnu arm embedded toolchain/10 2020-q4-major/bin/../lib/gcc/arm-none-eabi/10.2.1/../../../../arm-none-eabi/lib/thumb/v7e-m+dp/hard\libc_nano.a(lib_a-init.o)
                              c:/program files (x86)/gnu arm embedded toolchain/10 2020-q4-major/bin/../lib/gcc/arm-none-eabi/10.2.1/../../../../arm-none-eabi/lib/thumb/v7e-m+dp/hard/crt0.o (__libc_init_array)
c:/program files (x86)/gnu arm embedded toolchain/10 2020-q4-major/bin/../lib/gcc/arm-none-eabi/10.2.1/../../../../arm-none-eabi/lib/thumb/v7e-m+dp/hard\libc_nano.a(lib_a-memcpy-stub.o)
                              App/Src/stream_test.o (memcpy)
c:/program files (x86)/gnu arm embedded toolchain/10 2020-q4-major/bin/../lib/gcc/arm-none-eabi/10.2.1/../../../../arm-none-eabi/lib/thumb/v7e-m+dp/hard\libc_nano.a(lib_a-memset.o)
                              c:/program files (x86)/gnu arm embedded toolchain/10 2020-q4-major/bin/../lib/gcc/arm-none-eabi/10.2.1/../../../../arm-none-eabi/lib/thumb/v7e-m+dp/hard/crt0.o (memset)
c:/program files (x86)/gnu arm embedded toolchain/10 2020-q4-major/bin/../lib/gcc/arm-none-eabi/10.2.1/../../../../arm-none-eabi/lib/thumb/v7e-m+dp/hard\libc_nano.a(lib_a-strlen.o)
                              App/Src/stream_test.o (strlen)

Discarded input sections

 .text          0x00000000        0x0 c:/program files (x86)/gnu arm embedded toolchain/10 2020-q4-major/bin/../lib/gcc/arm-none-eabi/10.2.1/thumb/v7e-m+dp/hard/crti.o
 .data          0x00000000        0x0 c:/program files (x86)/gnu arm embedded toolchain/10 2020-q4-major/bin/../lib/gcc/arm-none-eabi/10.2.1/thumb/v7e-m+dp/hard/crti.o
 .bss           0x00000000        0x0 c:/program files (x86)/gnu arm embedded toolchain/10 2020-q4-major/bin/../lib/gcc/arm-none-eabi/10.2.1/thumb/v7e-m+dp/hard/crti.o
 .data          0x00000000        0x4 c:/program files (x86)/gnu arm embedded toolchain/10 2020-q4-major/bin/../lib/gcc/arm-none-eabi/10.2.1/thumb/v7e-m+dp/hard/crtbegin.o
 .rodata        0x00000000       0x24 c:/program files (x86)/gnu arm embedded toolchain/10 2020-q4-major/bin/../lib/gcc/arm-none-eabi/10.2.1/thumb/v7e-m+dp/hard/crtbegin.o
 .text          0x00000000       0x7c c:/program files (x86)/gnu arm embedded toolchain/10 2020-q4-major/bin/../lib/gcc/arm-none-eabi/10.2.1/../../../../arm-none-eabi/lib/thumb/v7e-m+dp/hard/crt0.o
 .data          0x00000000        0x0 c:/program files (x86)/gnu arm embedded toolchain/10 2020-q4-major/bin/../lib/gcc/arm-none-eabi/10.2.1/../../../../arm-none-eabi/lib/thumb/v7e-m+dp/hard/crt0.o
 .bss           0x00000000        0x0 c:/program files (x86)/gnu arm embedded toolchain/10 2020-q4-major/bin/../lib/gcc/arm-none-eabi/10.2.1/../../../../arm-none-eabi/lib/thumb/v7e-m+dp/hard/crt0.o
 .ARM.extab     0x00000000        0x0 c:/program files (x86)/gnu arm embedded toolchain/10 2020-q4-major/bin/../lib/gcc/arm-none-eabi/10.2.1/../../../../arm-none-eabi/lib/thumb/v7e-m+dp/hard/crt0.o
 .ARM.exidx     0x00000000       0x10 c:/program files (x86)/gnu arm embedded toolchain/10 2020-q4-major/bin/../lib/gcc/arm-none-eabi/10.2.1/../../../../arm-none-eabi/lib/thumb/v7e-m+dp/hard/crt0.o
 .ARM.attributes
                0x00000000       0x1c c:/program files (x86)/gnu arm embedded toolchain/10 2020-q4-major/bin/../lib/gcc/arm-none-eabi/10.2.1/../../../../arm-none-eabi/lib/thumb/v7e-m+dp/hard/crt0.o
 .group         0x00000000        0xc App/Src/stream_test.o
 .group         0x00000000        0xc App/Src/stream_test.o
 .group         0x00000000        0xc App/Src/stream_test.o
 .group         0x00000000        0x8 App/Src/stream_test.o
 .group         0x00000000        0xc App/Src/stream_test.o
 .group         0x00000000        0xc App/Src/stream_test.o
 .group         0x00000000        0xc App/Src/stream_test.o
 .group         0x00000000        0xc App/Src/stream_test.o
[...]
Memory Configuration

Name             Origin             Length             Attributes
RAM              0x24000000         0x00040000         xrw
FLASH            0x08000000         0x00100000         xr
DTCMRAM          0x20000000         0x00020000         xrw
RAM_D2           0x30000000         0x00048000         xrw
RAM_D3           0x38000000         0x00010000         xrw
ITCMRAM          0x00000000         0x00010000         xrw
*default*        0x00000000         0xffffffff

Linker script and memory map

LOAD c:/program files (x86)/gnu arm embedded toolchain/10 2020-q4-major/bin/../lib/gcc/arm-none-eabi/10.2.1/thumb/v7e-m+dp/hard/crti.o
LOAD c:/program files (x86)/gnu arm embedded toolchain/10 2020-q4-major/bin/../lib/gcc/arm-none-eabi/10.2.1/thumb/v7e-m+dp/hard/crtbegin.o
LOAD c:/program files (x86)/gnu arm embedded toolchain/10 2020-q4-major/bin/../lib/gcc/arm-none-eabi/10.2.1/../../../../arm-none-eabi/lib/thumb/v7e-m+dp/hard/crt0.o
LOAD App/Src/stream_test.o
LOAD Common/Src/system_stm32h7xx_dualcore_boot_cm4_cm7.o
LOAD Core/Src/dma.o
LOAD Core/Src/gpio.o
LOAD Core/Src/main.o
LOAD Core/Src/stm32h7xx_hal_msp.o
LOAD Core/Src/stm32h7xx_it.o
LOAD Core/Src/syscalls.o
LOAD Core/Src/sysmem.o
LOAD Core/Src/usb_otg.o
LOAD Core/Startup/startup_stm32h745zitx.o
LOAD Drivers/STM32H7xx_HAL_Driver/stm32h7xx_hal.o
LOAD Drivers/STM32H7xx_HAL_Driver/stm32h7xx_hal_cortex.o
LOAD Drivers/STM32H7xx_HAL_Driver/stm32h7xx_hal_dma.o
LOAD Drivers/STM32H7xx_HAL_Driver/stm32h7xx_hal_dma_ex.o
LOAD Drivers/STM32H7xx_HAL_Driver/stm32h7xx_hal_exti.o
LOAD Drivers/STM32H7xx_HAL_Driver/stm32h7xx_hal_flash.o
LOAD Drivers/STM32H7xx_HAL_Driver/stm32h7xx_hal_flash_ex.o
LOAD Drivers/STM32H7xx_HAL_Driver/stm32h7xx_hal_gpio.o
LOAD Drivers/STM32H7xx_HAL_Driver/stm32h7xx_hal_hsem.o
LOAD Drivers/STM32H7xx_HAL_Driver/stm32h7xx_hal_i2c.o
LOAD Drivers/STM32H7xx_HAL_Driver/stm32h7xx_hal_i2c_ex.o
LOAD Drivers/STM32H7xx_HAL_Driver/stm32h7xx_hal_mdma.o
LOAD Drivers/STM32H7xx_HAL_Driver/stm32h7xx_hal_pcd.o
LOAD Drivers/STM32H7xx_HAL_Driver/stm32h7xx_hal_pcd_ex.o
LOAD Drivers/STM32H7xx_HAL_Driver/stm32h7xx_hal_pwr.o
LOAD Drivers/STM32H7xx_HAL_Driver/stm32h7xx_hal_pwr_ex.o
LOAD Drivers/STM32H7xx_HAL_Driver/stm32h7xx_hal_rcc.o
LOAD Drivers/STM32H7xx_HAL_Driver/stm32h7xx_hal_rcc_ex.o
LOAD Drivers/STM32H7xx_HAL_Driver/stm32h7xx_hal_tim.o
LOAD Drivers/STM32H7xx_HAL_Driver/stm32h7xx_hal_tim_ex.o
LOAD Drivers/STM32H7xx_HAL_Driver/stm32h7xx_ll_usb.o
START GROUP
LOAD c:/program files (x86)/gnu arm embedded toolchain/10 2020-q4-major/bin/../lib/gcc/arm-none-eabi/10.2.1/../../../../arm-none-eabi/lib/thumb/v7e-m+dp/hard\libstdc++_nano.a
LOAD c:/program files (x86)/gnu arm embedded toolchain/10 2020-q4-major/bin/../lib/gcc/arm-none-eabi/10.2.1/../../../../arm-none-eabi/lib/thumb/v7e-m+dp/hard\libsupc++_nano.a
END GROUP
LOAD c:/program files (x86)/gnu arm embedded toolchain/10 2020-q4-major/bin/../lib/gcc/arm-none-eabi/10.2.1/../../../../arm-none-eabi/lib/thumb/v7e-m+dp/hard\libstdc++_nano.a
LOAD c:/program files (x86)/gnu arm embedded toolchain/10 2020-q4-major/bin/../lib/gcc/arm-none-eabi/10.2.1/../../../../arm-none-eabi/lib/thumb/v7e-m+dp/hard\libm.a
LOAD c:/program files (x86)/gnu arm embedded toolchain/10 2020-q4-major/bin/../lib/gcc/arm-none-eabi/10.2.1/../../../../arm-none-eabi/lib/thumb/v7e-m+dp/hard\libc_nano.a
START GROUP
LOAD c:/program files (x86)/gnu arm embedded toolchain/10 2020-q4-major/bin/../lib/gcc/arm-none-eabi/10.2.1/thumb/v7e-m+dp/hard\libgcc.a
LOAD c:/program files (x86)/gnu arm embedded toolchain/10 2020-q4-major/bin/../lib/gcc/arm-none-eabi/10.2.1/../../../../arm-none-eabi/lib/thumb/v7e-m+dp/hard\libc_nano.a
END GROUP
START GROUP
LOAD c:/program files (x86)/gnu arm embedded toolchain/10 2020-q4-major/bin/../lib/gcc/arm-none-eabi/10.2.1/thumb/v7e-m+dp/hard\libgcc.a
LOAD c:/program files (x86)/gnu arm embedded toolchain/10 2020-q4-major/bin/../lib/gcc/arm-none-eabi/10.2.1/../../../../arm-none-eabi/lib/thumb/v7e-m+dp/hard\libc_nano.a
LOAD c:/program files (x86)/gnu arm embedded toolchain/10 2020-q4-major/bin/../lib/gcc/arm-none-eabi/10.2.1/../../../../arm-none-eabi/lib/thumb/v7e-m+dp/hard\libnosys.a
END GROUP
START GROUP
LOAD c:/program files (x86)/gnu arm embedded toolchain/10 2020-q4-major/bin/../lib/gcc/arm-none-eabi/10.2.1/thumb/v7e-m+dp/hard\libgcc.a
LOAD c:/program files (x86)/gnu arm embedded toolchain/10 2020-q4-major/bin/../lib/gcc/arm-none-eabi/10.2.1/../../../../arm-none-eabi/lib/thumb/v7e-m+dp/hard\libc_nano.a
LOAD c:/program files (x86)/gnu arm embedded toolchain/10 2020-q4-major/bin/../lib/gcc/arm-none-eabi/10.2.1/../../../../arm-none-eabi/lib/thumb/v7e-m+dp/hard\libnosys.a
END GROUP
LOAD c:/program files (x86)/gnu arm embedded toolchain/10 2020-q4-major/bin/../lib/gcc/arm-none-eabi/10.2.1/thumb/v7e-m+dp/hard/crtend.o
LOAD c:/program files (x86)/gnu arm embedded toolchain/10 2020-q4-major/bin/../lib/gcc/arm-none-eabi/10.2.1/thumb/v7e-m+dp/hard/crtn.o
                0x24040000                _estack = (ORIGIN (RAM) + LENGTH (RAM))
                0x00000200                _Min_Heap_Size = 0x200
                0x00000400                _Min_Stack_Size = 0x400

.isr_vector     0x08000000      0x298
                0x08000000                . = ALIGN (0x4)
 *(.isr_vector)
 .isr_vector    0x08000000      0x298 Core/Startup/startup_stm32h745zitx.o
                0x08000000                g_pfnVectors
                0x08000298                . = ALIGN (0x4)

.text           0x08000298     0x2740
                0x08000298                . = ALIGN (0x4)
 *(.text)
 .text          0x08000298       0x40 c:/program files (x86)/gnu arm embedded toolchain/10 2020-q4-major/bin/../lib/gcc/arm-none-eabi/10.2.1/thumb/v7e-m+dp/hard/crtbegin.o
 .text          0x080002d8       0x10 c:/program files (x86)/gnu arm embedded toolchain/10 2020-q4-major/bin/../lib/gcc/arm-none-eabi/10.2.1/../../../../arm-none-eabi/lib/thumb/v7e-m+dp/hard\libc_nano.a(lib_a-strlen.o)
                0x080002d8                strlen
 *(.text*)
 .text._ZN10NumConvert9divmodu10ImEE10divmod10_tIT_ERKS2_.isra.0
                0x080002e8       0x34 App/Src/stream_test.o
 .text._ZN3ItmIL7BusMode0EE10send_blockEPKcj.constprop.0
                0x0800031c       0x2e App/Src/stream_test.o
 *fill*         0x0800034a        0x2 
 .text._ZN10NumConvert10ftoaEngineEfPci
                0x0800034c       0xfc App/Src/stream_test.o
                0x0800034c                NumConvert::ftoaEngine(float, char*, int)
 .text._ZN10NumConvert15to_string_floatEfPc
                0x08000448      0x15e App/Src/stream_test.o
                0x08000448                NumConvert::to_string_float(float, char*)
 .text._ZN10StreamBaseI12BusInterfaceI3ItmIL7BusMode0EEELc32EElsIfEERS5_T_
                0x080005a6       0x1a App/Src/stream_test.o
                0x080005a6                StreamBase<BusInterface<Itm<(BusMode)0> >, (char)32>& StreamBase<BusInterface<Itm<(BusMode)0> >, (char)32>::operator<< <float>(float)
 .text.test     0x080005c0      0x1ac App/Src/stream_test.o
                0x080005c0                test
 .text.SystemInit
                0x0800076c       0xe0 Common/Src/system_stm32h7xx_dualcore_boot_cm4_cm7.o
                0x0800076c                SystemInit
 .text.MX_DMA_Init
                0x0800084c       0x24 Core/Src/dma.o
                0x0800084c                MX_DMA_Init
 .text.MX_GPIO_Init
                0x08000870       0x6c Core/Src/gpio.o
                0x08000870                MX_GPIO_Init
 .text.SystemClock_Config
                0x080008dc       0xcc Core/Src/main.o
                0x080008dc                SystemClock_Config
 .text.startup.main
                0x080009a8      0x12c Core/Src/main.o
                0x080009a8                main
 .text.Error_Handler
                0x08000ad4        0x4 Core/Src/main.o
                0x08000ad4                Error_Handler
 .text.HAL_MspInit
                0x08000ad8       0x24 Core/Src/stm32h7xx_hal_msp.o
                0x08000ad8                HAL_MspInit
 .text.NMI_Handler
                0x08000afc        0x2 Core/Src/stm32h7xx_it.o
                0x08000afc                NMI_Handler
 .text.HardFault_Handler
                0x08000afe        0x2 Core/Src/stm32h7xx_it.o
                0x08000afe                HardFault_Handler
 .text.MemManage_Handler
                0x08000b00        0x2 Core/Src/stm32h7xx_it.o
                0x08000b00                MemManage_Handler
 .text.BusFault_Handler
                0x08000b02        0x2 Core/Src/stm32h7xx_it.o
                0x08000b02                BusFault_Handler
 .text.UsageFault_Handler
                0x08000b04        0x2 Core/Src/stm32h7xx_it.o
                0x08000b04                UsageFault_Handler
 .text.SVC_Handler
                0x08000b06        0x2 Core/Src/stm32h7xx_it.o
                0x08000b06                SVC_Handler
 .text.DebugMon_Handler
                0x08000b08        0x2 Core/Src/stm32h7xx_it.o
                0x08000b08                DebugMon_Handler
 .text.PendSV_Handler
                0x08000b0a        0x2 Core/Src/stm32h7xx_it.o
                0x08000b0a                PendSV_Handler
 .text.SysTick_Handler
                0x08000b0c        0x4 Core/Src/stm32h7xx_it.o
                0x08000b0c                SysTick_Handler
 .text.MX_USB_OTG_FS_PCD_Init
                0x08000b10       0x3c Core/Src/usb_otg.o
                0x08000b10                MX_USB_OTG_FS_PCD_Init
 .text.HAL_PCD_MspInit
                0x08000b4c       0xc8 Core/Src/usb_otg.o
                0x08000b4c                HAL_PCD_MspInit
 .text.Reset_Handler
                0x08000c14       0x50 Core/Startup/startup_stm32h745zitx.o
                0x08000c14                Reset_Handler
 .text.Default_Handler
                0x08000c64        0x2 Core/Startup/startup_stm32h745zitx.o
                0x08000c64                RTC_Alarm_IRQHandler
                0x08000c64                EXTI2_IRQHandler
                0x08000c64                TIM8_CC_IRQHandler
                0x08000c64                HRTIM1_Master_IRQHandler
                0x08000c64                UART8_IRQHandler
                0x08000c64                SPI4_IRQHandler
                0x08000c64                TIM1_CC_IRQHandler
                0x08000c64                BDMA_Channel6_IRQHandler
                0x08000c64                DMA2_Stream5_IRQHandler
                0x08000c64                HRTIM1_FLT_IRQHandler
                0x08000c64                JPEG_IRQHandler
                0x08000c64                DMA1_Stream5_IRQHandler
                0x08000c64                BDMA_Channel1_IRQHandler
                0x08000c64                HRTIM1_TIMD_IRQHandler
                0x08000c64                TAMP_STAMP_IRQHandler
                0x08000c64                EXTI3_IRQHandler
                0x08000c64                LPTIM4_IRQHandler
                0x08000c64                TIM8_TRG_COM_TIM14_IRQHandler
                0x08000c64                LPTIM2_IRQHandler
                0x08000c64                DFSDM1_FLT1_IRQHandler
                0x08000c64                DMAMUX2_OVR_IRQHandler
                0x08000c64                TIM8_UP_TIM13_IRQHandler
                0x08000c64                I2C3_ER_IRQHandler
                0x08000c64                DFSDM1_FLT2_IRQHandler
                0x08000c64                MDMA_IRQHandler
                0x08000c64                LPTIM3_IRQHandler
                0x08000c64                HSEM1_IRQHandler
                0x08000c64                EXTI0_IRQHandler
                0x08000c64                I2C2_EV_IRQHandler
                0x08000c64                DMA1_Stream2_IRQHandler
                0x08000c64                FPU_IRQHandler
                0x08000c64                OTG_HS_WKUP_IRQHandler
                0x08000c64                FDCAN1_IT1_IRQHandler
                0x08000c64                LTDC_ER_IRQHandler
                0x08000c64                DMA2_Stream2_IRQHandler
                0x08000c64                HRTIM1_TIME_IRQHandler
                0x08000c64                SPI1_IRQHandler
                0x08000c64                TIM6_DAC_IRQHandler
                0x08000c64                DCMI_IRQHandler
                0x08000c64                HRTIM1_TIMC_IRQHandler
                0x08000c64                DMA2_Stream3_IRQHandler
                0x08000c64                SAI2_IRQHandler
                0x08000c64                DFSDM1_FLT3_IRQHandler
                0x08000c64                USART6_IRQHandler
                0x08000c64                TIM17_IRQHandler
                0x08000c64                USART3_IRQHandler
                0x08000c64                BDMA_Channel7_IRQHandler
                0x08000c64                LPTIM5_IRQHandler
                0x08000c64                UART5_IRQHandler
                0x08000c64                ADC3_IRQHandler
                0x08000c64                DMA2_Stream0_IRQHandler
                0x08000c64                TIM4_IRQHandler
                0x08000c64                BDMA_Channel2_IRQHandler
                0x08000c64                QUADSPI_IRQHandler
                0x08000c64                I2C1_EV_IRQHandler
                0x08000c64                DMA1_Stream6_IRQHandler
                0x08000c64                DMAMUX1_OVR_IRQHandler
                0x08000c64                DMA1_Stream1_IRQHandler
                0x08000c64                TIM16_IRQHandler
                0x08000c64                UART4_IRQHandler
                0x08000c64                BDMA_Channel5_IRQHandler
                0x08000c64                TIM3_IRQHandler
                0x08000c64                RCC_IRQHandler
                0x08000c64                TIM8_BRK_TIM12_IRQHandler
                0x08000c64                TIM1_TRG_COM_IRQHandler
                0x08000c64                Default_Handler
                0x08000c64                ECC_IRQHandler
                0x08000c64                CEC_IRQHandler
                0x08000c64                EXTI15_10_IRQHandler
                0x08000c64                BDMA_Channel0_IRQHandler
                0x08000c64                ADC_IRQHandler
                0x08000c64                DMA1_Stream7_IRQHandler
                0x08000c64                HRTIM1_TIMA_IRQHandler
                0x08000c64                SPI5_IRQHandler
                0x08000c64                TIM7_IRQHandler
                0x08000c64                SDMMC1_IRQHandler
                0x08000c64                TIM5_IRQHandler
                0x08000c64                DMA2_Stream7_IRQHandler
                0x08000c64                TIM15_IRQHandler
                0x08000c64                PVD_AVD_IRQHandler
                0x08000c64                I2C3_EV_IRQHandler
                0x08000c64                EXTI9_5_IRQHandler
                0x08000c64                RTC_WKUP_IRQHandler
                0x08000c64                LTDC_IRQHandler
                0x08000c64                SAI3_IRQHandler
                0x08000c64                ETH_WKUP_IRQHandler
                0x08000c64                SPDIF_RX_IRQHandler
                0x08000c64                SPI2_IRQHandler
                0x08000c64                OTG_HS_EP1_IN_IRQHandler
                0x08000c64                DMA1_Stream0_IRQHandler
                0x08000c64                CRS_IRQHandler
                0x08000c64                CM7_SEV_IRQHandler
                0x08000c64                EXTI4_IRQHandler
                0x08000c64                RNG_IRQHandler
                0x08000c64                CM4_SEV_IRQHandler
                0x08000c64                HRTIM1_TIMB_IRQHandler
                0x08000c64                FDCAN2_IT1_IRQHandler
                0x08000c64                ETH_IRQHandler
                0x08000c64                TIM1_UP_IRQHandler
                0x08000c64                WWDG_RST_IRQHandler
                0x08000c64                BDMA_Channel4_IRQHandler
                0x08000c64                OTG_HS_EP1_OUT_IRQHandler
                0x08000c64                WWDG_IRQHandler
                0x08000c64                SPI6_IRQHandler
                0x08000c64                MDIOS_IRQHandler
                0x08000c64                I2C4_EV_IRQHandler
                0x08000c64                FDCAN2_IT0_IRQHandler
                0x08000c64                LPUART1_IRQHandler
                0x08000c64                FDCAN1_IT0_IRQHandler
                0x08000c64                TIM2_IRQHandler
                0x08000c64                OTG_FS_WKUP_IRQHandler
                0x08000c64                OTG_HS_IRQHandler
                0x08000c64                HSEM2_IRQHandler
                0x08000c64                DMA2D_IRQHandler
                0x08000c64                TIM1_BRK_IRQHandler
                0x08000c64                EXTI1_IRQHandler
                0x08000c64                SDMMC2_IRQHandler
                0x08000c64                OTG_FS_EP1_OUT_IRQHandler
                0x08000c64                BDMA_Channel3_IRQHandler
                0x08000c64                HOLD_CORE_IRQHandler
                0x08000c64                UART7_IRQHandler
                0x08000c64                MDIOS_WKUP_IRQHandler
                0x08000c64                USART2_IRQHandler
                0x08000c64                DFSDM1_FLT0_IRQHandler
                0x08000c64                SAI4_IRQHandler
                0x08000c64                I2C2_ER_IRQHandler
                0x08000c64                DMA2_Stream1_IRQHandler
                0x08000c64                FLASH_IRQHandler
                0x08000c64                DMA2_Stream4_IRQHandler
                0x08000c64                USART1_IRQHandler
                0x08000c64                OTG_FS_IRQHandler
                0x08000c64                SPI3_IRQHandler
                0x08000c64                WAKEUP_PIN_IRQHandler
                0x08000c64                DMA1_Stream4_IRQHandler
                0x08000c64                OTG_FS_EP1_IN_IRQHandler
                0x08000c64                I2C1_ER_IRQHandler
                0x08000c64                FMC_IRQHandler
                0x08000c64                FDCAN_CAL_IRQHandler
                0x08000c64                SWPMI1_IRQHandler
                0x08000c64                COMP1_IRQHandler
                0x08000c64                LPTIM1_IRQHandler
                0x08000c64                I2C4_ER_IRQHandler
                0x08000c64                DMA2_Stream6_IRQHandler
                0x08000c64                SAI1_IRQHandler
                0x08000c64                DMA1_Stream3_IRQHandler
 *fill*         0x08000c66        0x2 
 .text.HAL_InitTick
                0x08000c68       0x4c Drivers/STM32H7xx_HAL_Driver/stm32h7xx_hal.o
                0x08000c68                HAL_InitTick
 .text.HAL_Init
                0x08000cb4       0x5c Drivers/STM32H7xx_HAL_Driver/stm32h7xx_hal.o
                0x08000cb4                HAL_Init
 .text.HAL_IncTick
                0x08000d10       0x18 Drivers/STM32H7xx_HAL_Driver/stm32h7xx_hal.o
                0x08000d10                HAL_IncTick
 .text.HAL_GetTick
                0x08000d28        0xc Drivers/STM32H7xx_HAL_Driver/stm32h7xx_hal.o
                0x08000d28                HAL_GetTick
 .text.HAL_Delay
                0x08000d34       0x24 Drivers/STM32H7xx_HAL_Driver/stm32h7xx_hal.o
                0x08000d34                HAL_Delay
 .text.HAL_GetREVID
                0x08000d58        0xc Drivers/STM32H7xx_HAL_Driver/stm32h7xx_hal.o
                0x08000d58                HAL_GetREVID
 .text.HAL_NVIC_SetPriorityGrouping
                0x08000d64       0x24 Drivers/STM32H7xx_HAL_Driver/stm32h7xx_hal_cortex.o
                0x08000d64                HAL_NVIC_SetPriorityGrouping
 .text.HAL_NVIC_SetPriority
                0x08000d88       0x64 Drivers/STM32H7xx_HAL_Driver/stm32h7xx_hal_cortex.o
                0x08000d88                HAL_NVIC_SetPriority
 .text.HAL_SYSTICK_Config
                0x08000dec       0x28 Drivers/STM32H7xx_HAL_Driver/stm32h7xx_hal_cortex.o
                0x08000dec                HAL_SYSTICK_Config
 .text.HAL_MPU_Disable
                0x08000e14       0x1c Drivers/STM32H7xx_HAL_Driver/stm32h7xx_hal_cortex.o
                0x08000e14                HAL_MPU_Disable
 .text.HAL_MPU_Enable
                0x08000e30       0x20 Drivers/STM32H7xx_HAL_Driver/stm32h7xx_hal_cortex.o
                0x08000e30                HAL_MPU_Enable
 .text.HAL_MPU_ConfigRegion
                0x08000e50       0x58 Drivers/STM32H7xx_HAL_Driver/stm32h7xx_hal_cortex.o
                0x08000e50                HAL_MPU_ConfigRegion
 .text.HAL_GPIO_Init
                0x08000ea8      0x1d4 Drivers/STM32H7xx_HAL_Driver/stm32h7xx_hal_gpio.o
                0x08000ea8                HAL_GPIO_Init
 .text.HAL_HSEM_FastTake
                0x0800107c       0x1c Drivers/STM32H7xx_HAL_Driver/stm32h7xx_hal_hsem.o
                0x0800107c                HAL_HSEM_FastTake
 .text.HAL_HSEM_Release
                0x08001098       0x10 Drivers/STM32H7xx_HAL_Driver/stm32h7xx_hal_hsem.o
                0x08001098                HAL_HSEM_Release
 .text.HAL_PCD_Init
                0x080010a8      0x112 Drivers/STM32H7xx_HAL_Driver/stm32h7xx_hal_pcd.o
                0x080010a8                HAL_PCD_Init
 .text.HAL_PCDEx_ActivateLPM
                0x080011ba       0x26 Drivers/STM32H7xx_HAL_Driver/stm32h7xx_hal_pcd_ex.o
                0x080011ba                HAL_PCDEx_ActivateLPM
 .text.HAL_PWREx_ConfigSupply
                0x080011e0       0x78 Drivers/STM32H7xx_HAL_Driver/stm32h7xx_hal_pwr_ex.o
                0x080011e0                HAL_PWREx_ConfigSupply
 .text.HAL_PWREx_EnableUSBVoltageDetector
                0x08001258       0x10 Drivers/STM32H7xx_HAL_Driver/stm32h7xx_hal_pwr_ex.o
                0x08001258                HAL_PWREx_EnableUSBVoltageDetector
 .text.HAL_RCC_OscConfig
                0x08001268      0x530 Drivers/STM32H7xx_HAL_Driver/stm32h7xx_hal_rcc.o
                0x08001268                HAL_RCC_OscConfig
 .text.HAL_RCC_GetSysClockFreq
                0x08001798      0x140 Drivers/STM32H7xx_HAL_Driver/stm32h7xx_hal_rcc.o
                0x08001798                HAL_RCC_GetSysClockFreq
 .text.HAL_RCC_ClockConfig
                0x080018d8      0x24c Drivers/STM32H7xx_HAL_Driver/stm32h7xx_hal_rcc.o
                0x080018d8                HAL_RCC_ClockConfig
 .text.RCCEx_PLL2_Config
                0x08001b24       0xf0 Drivers/STM32H7xx_HAL_Driver/stm32h7xx_hal_rcc_ex.o
 .text.RCCEx_PLL3_Config
                0x08001c14       0xf0 Drivers/STM32H7xx_HAL_Driver/stm32h7xx_hal_rcc_ex.o
 .text.HAL_RCCEx_PeriphCLKConfig
                0x08001d04      0x96c Drivers/STM32H7xx_HAL_Driver/stm32h7xx_hal_rcc_ex.o
                0x08001d04                HAL_RCCEx_PeriphCLKConfig
 .text.USB_CoreReset
                0x08002670       0x30 Drivers/STM32H7xx_HAL_Driver/stm32h7xx_ll_usb.o
 .text.USB_CoreInit
                0x080026a0       0x94 Drivers/STM32H7xx_HAL_Driver/stm32h7xx_ll_usb.o
                0x080026a0                USB_CoreInit
 .text.USB_DisableGlobalInt
                0x08002734        0xc Drivers/STM32H7xx_HAL_Driver/stm32h7xx_ll_usb.o
                0x08002734                USB_DisableGlobalInt
 .text.USB_SetCurrentMode
                0x08002740       0x2e Drivers/STM32H7xx_HAL_Driver/stm32h7xx_ll_usb.o
                0x08002740                USB_SetCurrentMode
 *fill*         0x0800276e        0x2 
 .text.USB_FlushTxFifo
                0x08002770       0x24 Drivers/STM32H7xx_HAL_Driver/stm32h7xx_ll_usb.o
                0x08002770                USB_FlushTxFifo
 .text.USB_FlushRxFifo
                0x08002794       0x20 Drivers/STM32H7xx_HAL_Driver/stm32h7xx_ll_usb.o
                0x08002794                USB_FlushRxFifo
 .text.USB_SetDevSpeed
                0x080027b4        0xe Drivers/STM32H7xx_HAL_Driver/stm32h7xx_ll_usb.o
                0x080027b4                USB_SetDevSpeed
 *fill*         0x080027c2        0x2 
 .text.USB_DevInit
                0x080027c4      0x16c Drivers/STM32H7xx_HAL_Driver/stm32h7xx_ll_usb.o
                0x080027c4                USB_DevInit
 .text.USB_DevDisconnect
                0x08002930       0x1c Drivers/STM32H7xx_HAL_Driver/stm32h7xx_ll_usb.o
                0x08002930                USB_DevDisconnect
 .text.__libc_init_array
                0x0800294c       0x48 c:/program files (x86)/gnu arm embedded toolchain/10 2020-q4-major/bin/../lib/gcc/arm-none-eabi/10.2.1/../../../../arm-none-eabi/lib/thumb/v7e-m+dp/hard\libc_nano.a(lib_a-init.o)
                0x0800294c                __libc_init_array
 .text.memcpy   0x08002994       0x1c c:/program files (x86)/gnu arm embedded toolchain/10 2020-q4-major/bin/../lib/gcc/arm-none-eabi/10.2.1/../../../../arm-none-eabi/lib/thumb/v7e-m+dp/hard\libc_nano.a(lib_a-memcpy-stub.o)
                0x08002994                memcpy
 .text.memset   0x080029b0       0x10 c:/program files (x86)/gnu arm embedded toolchain/10 2020-q4-major/bin/../lib/gcc/arm-none-eabi/10.2.1/../../../../arm-none-eabi/lib/thumb/v7e-m+dp/hard\libc_nano.a(lib_a-memset.o)
                0x080029b0                memset
 *(.glue_7)
 .glue_7        0x080029c0        0x0 linker stubs
 *(.glue_7t)
 .glue_7t       0x080029c0        0x0 linker stubs
 *(.eh_frame)
 .eh_frame      0x080029c0        0x0 c:/program files (x86)/gnu arm embedded toolchain/10 2020-q4-major/bin/../lib/gcc/arm-none-eabi/10.2.1/thumb/v7e-m+dp/hard/crtbegin.o
 *(.init)
 .init          0x080029c0        0x4 c:/program files (x86)/gnu arm embedded toolchain/10 2020-q4-major/bin/../lib/gcc/arm-none-eabi/10.2.1/thumb/v7e-m+dp/hard/crti.o
                0x080029c0                _init
 .init          0x080029c4        0x8 c:/program files (x86)/gnu arm embedded toolchain/10 2020-q4-major/bin/../lib/gcc/arm-none-eabi/10.2.1/thumb/v7e-m+dp/hard/crtn.o
 *(.fini)
 .fini          0x080029cc        0x4 c:/program files (x86)/gnu arm embedded toolchain/10 2020-q4-major/bin/../lib/gcc/arm-none-eabi/10.2.1/thumb/v7e-m+dp/hard/crti.o
                0x080029cc                _fini
 .fini          0x080029d0        0x8 c:/program files (x86)/gnu arm embedded toolchain/10 2020-q4-major/bin/../lib/gcc/arm-none-eabi/10.2.1/thumb/v7e-m+dp/hard/crtn.o
                0x080029d8                . = ALIGN (0x4)
                0x080029d8                _etext = .

.vfp11_veneer   0x080029d8        0x0
 .vfp11_veneer  0x080029d8        0x0 linker stubs

.v4_bx          0x080029d8        0x0
 .v4_bx         0x080029d8        0x0 linker stubs

.iplt           0x080029d8        0x0
 .iplt          0x080029d8        0x0 c:/program files (x86)/gnu arm embedded toolchain/10 2020-q4-major/bin/../lib/gcc/arm-none-eabi/10.2.1/thumb/v7e-m+dp/hard/crtbegin.o

.rodata         0x080029d8       0xd8
                0x080029d8                . = ALIGN (0x4)
 *(.rodata)
 .rodata        0x080029d8       0x18 App/Src/stream_test.o
 *(.rodata*)
 .rodata.test.str1.1
                0x080029f0       0x2f App/Src/stream_test.o
 *fill*         0x08002a1f        0x1 
 .rodata._ZL6table2
                0x08002a20       0x80 App/Src/stream_test.o
 .rodata.D1CorePrescTable
                0x08002aa0       0x10 Common/Src/system_stm32h7xx_dualcore_boot_cm4_cm7.o
                0x08002aa0                D1CorePrescTable
                0x08002ab0                . = ALIGN (0x4)

.rel.dyn        0x08002ab0        0x0
 .rel.iplt      0x08002ab0        0x0 c:/program files (x86)/gnu arm embedded toolchain/10 2020-q4-major/bin/../lib/gcc/arm-none-eabi/10.2.1/thumb/v7e-m+dp/hard/crtbegin.o

.ARM.extab      0x08002ab0        0x0
                0x08002ab0                . = ALIGN (0x4)
 *(.ARM.extab* .gnu.linkonce.armextab.*)
                0x08002ab0                . = ALIGN (0x4)

.ARM            0x08002ab0        0x0
                0x08002ab0                . = ALIGN (0x4)
                0x08002ab0                __exidx_start = .
 *(.ARM.exidx*)
                0x08002ab0                __exidx_end = .
                0x08002ab0                . = ALIGN (0x4)

.preinit_array  0x08002ab0        0x0
                0x08002ab0                . = ALIGN (0x4)
                0x08002ab0                PROVIDE (__preinit_array_start = .)
 *(.preinit_array*)
                0x08002ab0                PROVIDE (__preinit_array_end = .)
                0x08002ab0                . = ALIGN (0x4)

.init_array     0x08002ab0        0x4
                0x08002ab0                . = ALIGN (0x4)
                0x08002ab0                PROVIDE (__init_array_start = .)
 *(SORT_BY_NAME(.init_array.*))
 *(.init_array*)
 .init_array    0x08002ab0        0x4 c:/program files (x86)/gnu arm embedded toolchain/10 2020-q4-major/bin/../lib/gcc/arm-none-eabi/10.2.1/thumb/v7e-m+dp/hard/crtbegin.o
                0x08002ab4                PROVIDE (__init_array_end = .)
                0x08002ab4                . = ALIGN (0x4)

.fini_array     0x08002ab4        0x4
                0x08002ab4                . = ALIGN (0x4)
                [!provide]                PROVIDE (__fini_array_start = .)
 *(SORT_BY_NAME(.fini_array.*))
 *(.fini_array*)
 .fini_array    0x08002ab4        0x4 c:/program files (x86)/gnu arm embedded toolchain/10 2020-q4-major/bin/../lib/gcc/arm-none-eabi/10.2.1/thumb/v7e-m+dp/hard/crtbegin.o
                [!provide]                PROVIDE (__fini_array_end = .)
                0x08002ab8                . = ALIGN (0x4)
                0x08002ab8                _sidata = LOADADDR (.data)

.data           0x24000000       0x10 load address 0x08002ab8
                0x24000000                . = ALIGN (0x4)
                0x24000000                _sdata = .
 *(.data)
 *(.data*)
 .data.SystemCoreClock
                0x24000000        0x4 Common/Src/system_stm32h7xx_dualcore_boot_cm4_cm7.o
                0x24000000                SystemCoreClock
 .data.SystemD2Clock
                0x24000004        0x4 Common/Src/system_stm32h7xx_dualcore_boot_cm4_cm7.o
                0x24000004                SystemD2Clock
 .data.uwTickFreq
                0x24000008        0x1 Drivers/STM32H7xx_HAL_Driver/stm32h7xx_hal.o
                0x24000008                uwTickFreq
 *fill*         0x24000009        0x3 
 .data.uwTickPrio
                0x2400000c        0x4 Drivers/STM32H7xx_HAL_Driver/stm32h7xx_hal.o
                0x2400000c                uwTickPrio
 *(.RamFunc)
 *(.RamFunc*)
                0x24000010                . = ALIGN (0x4)
                0x24000010                _edata = .

.igot.plt       0x24000010        0x0 load address 0x08002ac8
 .igot.plt      0x24000010        0x0 c:/program files (x86)/gnu arm embedded toolchain/10 2020-q4-major/bin/../lib/gcc/arm-none-eabi/10.2.1/thumb/v7e-m+dp/hard/crtbegin.o
                0x24000010                . = ALIGN (0x4)

.bss            0x20000000      0x448
                0x20000000                _sbss = .
                0x20000000                __bss_start__ = _sbss
 *(.bss)
 .bss           0x20000000       0x1c c:/program files (x86)/gnu arm embedded toolchain/10 2020-q4-major/bin/../lib/gcc/arm-none-eabi/10.2.1/thumb/v7e-m+dp/hard/crtbegin.o
 *(.bss*)
 .bss._ZN13StreamStorage7storageE
                0x2000001c       0x20 App/Src/stream_test.o
                0x2000001c                StreamStorage::storage
 .bss.hpcd_USB_OTG_FS
                0x2000003c      0x408 Core/Src/usb_otg.o
                0x2000003c                hpcd_USB_OTG_FS
 .bss.uwTick    0x20000444        0x4 Drivers/STM32H7xx_HAL_Driver/stm32h7xx_hal.o
                0x20000444                uwTick
 *(COMMON)
                0x20000448                . = ALIGN (0x4)
                0x20000448                _ebss = .
                0x20000448                __bss_end__ = _ebss

._user_heap_stack
                0x20000448      0x600
                0x20000448                . = ALIGN (0x8)
                [!provide]                PROVIDE (end = .)
                0x20000448                PROVIDE (_end = .)
                0x20000648                . = (. + _Min_Heap_Size)
 *fill*         0x20000448      0x200 
                0x20000a48                . = (. + _Min_Stack_Size)
 *fill*         0x20000648      0x400 
                0x20000a48                . = ALIGN (0x8)

/DISCARD/
 libc.a(*)
 libm.a(*)
 libgcc.a(*)

.ARM.attributes
                0x00000000       0x2e
 *(.ARM.attributes)
 .ARM.attributes
                0x00000000       0x1e c:/program files (x86)/gnu arm embedded toolchain/10 2020-q4-major/bin/../lib/gcc/arm-none-eabi/10.2.1/thumb/v7e-m+dp/hard/crti.o
 .ARM.attributes
                0x0000001e       0x32 c:/program files (x86)/gnu arm embedded toolchain/10 2020-q4-major/bin/../lib/gcc/arm-none-eabi/10.2.1/thumb/v7e-m+dp/hard/crtbegin.o
 .ARM.attributes
                0x00000050       0x32 App/Src/stream_test.o
 .ARM.attributes
                0x00000082       0x32 Common/Src/system_stm32h7xx_dualcore_boot_cm4_cm7.o
 .ARM.attributes
                0x000000b4       0x32 Core/Src/dma.o
 .ARM.attributes
                0x000000e6       0x32 Core/Src/gpio.o
 .ARM.attributes
                0x00000118       0x32 Core/Src/main.o
 .ARM.attributes
                0x0000014a       0x32 Core/Src/stm32h7xx_hal_msp.o
 .ARM.attributes
                0x0000017c       0x32 Core/Src/stm32h7xx_it.o
 .ARM.attributes
                0x000001ae       0x32 Core/Src/usb_otg.o
 .ARM.attributes
                0x000001e0       0x21 Core/Startup/startup_stm32h745zitx.o
 .ARM.attributes
                0x00000201       0x32 Drivers/STM32H7xx_HAL_Driver/stm32h7xx_hal.o
 .ARM.attributes
                0x00000233       0x32 Drivers/STM32H7xx_HAL_Driver/stm32h7xx_hal_cortex.o
 .ARM.attributes
                0x00000265       0x32 Drivers/STM32H7xx_HAL_Driver/stm32h7xx_hal_gpio.o
 .ARM.attributes
                0x00000297       0x32 Drivers/STM32H7xx_HAL_Driver/stm32h7xx_hal_hsem.o
 .ARM.attributes
                0x000002c9       0x32 Drivers/STM32H7xx_HAL_Driver/stm32h7xx_hal_pcd.o
 .ARM.attributes
                0x000002fb       0x32 Drivers/STM32H7xx_HAL_Driver/stm32h7xx_hal_pcd_ex.o
 .ARM.attributes
                0x0000032d       0x32 Drivers/STM32H7xx_HAL_Driver/stm32h7xx_hal_pwr_ex.o
 .ARM.attributes
                0x0000035f       0x32 Drivers/STM32H7xx_HAL_Driver/stm32h7xx_hal_rcc.o
 .ARM.attributes
                0x00000391       0x32 Drivers/STM32H7xx_HAL_Driver/stm32h7xx_hal_rcc_ex.o
 .ARM.attributes
                0x000003c3       0x32 Drivers/STM32H7xx_HAL_Driver/stm32h7xx_ll_usb.o
 .ARM.attributes
                0x000003f5       0x32 c:/program files (x86)/gnu arm embedded toolchain/10 2020-q4-major/bin/../lib/gcc/arm-none-eabi/10.2.1/../../../../arm-none-eabi/lib/thumb/v7e-m+dp/hard\libc_nano.a(lib_a-init.o)
 .ARM.attributes
                0x00000427       0x32 c:/program files (x86)/gnu arm embedded toolchain/10 2020-q4-major/bin/../lib/gcc/arm-none-eabi/10.2.1/../../../../arm-none-eabi/lib/thumb/v7e-m+dp/hard\libc_nano.a(lib_a-memcpy-stub.o)
 .ARM.attributes
                0x00000459       0x32 c:/program files (x86)/gnu arm embedded toolchain/10 2020-q4-major/bin/../lib/gcc/arm-none-eabi/10.2.1/../../../../arm-none-eabi/lib/thumb/v7e-m+dp/hard\libc_nano.a(lib_a-memset.o)
 .ARM.attributes
                0x0000048b       0x17 c:/program files (x86)/gnu arm embedded toolchain/10 2020-q4-major/bin/../lib/gcc/arm-none-eabi/10.2.1/../../../../arm-none-eabi/lib/thumb/v7e-m+dp/hard\libc_nano.a(lib_a-strlen.o)
 .ARM.attributes
                0x000004a2       0x1e c:/program files (x86)/gnu arm embedded toolchain/10 2020-q4-major/bin/../lib/gcc/arm-none-eabi/10.2.1/thumb/v7e-m+dp/hard/crtn.o
OUTPUT(NUCLEO745_BareMetalStream_CM7.elf elf32-littlearm)
LOAD linker stubs
LOAD c:/program files (x86)/gnu arm embedded toolchain/10 2020-q4-major/bin/../lib/gcc/arm-none-eabi/10.2.1/../../../../arm-none-eabi/lib/thumb/v7e-m+dp/hard\libc.a
LOAD c:/program files (x86)/gnu arm embedded toolchain/10 2020-q4-major/bin/../lib/gcc/arm-none-eabi/10.2.1/../../../../arm-none-eabi/lib/thumb/v7e-m+dp/hard\libm.a
LOAD c:/program files (x86)/gnu arm embedded toolchain/10 2020-q4-major/bin/../lib/gcc/arm-none-eabi/10.2.1/thumb/v7e-m+dp/hard\libgcc.a

.debug_info     0x00000000    0x1a8ec
 .debug_info    0x00000000     0xa45a App/Src/stream_test.o
 .debug_info    0x0000a45a      0xdf7 Common/Src/system_stm32h7xx_dualcore_boot_cm4_cm7.o
 .debug_info    0x0000b251      0x4a0 Core/Src/dma.o
 .debug_info    0x0000b6f1      0x4f7 Core/Src/gpio.o
 .debug_info    0x0000bbe8     0x12d4 Core/Src/main.o
 .debug_info    0x0000cebc      0x4a0 Core/Src/stm32h7xx_hal_msp.o
 .debug_info    0x0000d35c      0x13b Core/Src/stm32h7xx_it.o
 .debug_info    0x0000d497      0xfc9 Core/Src/usb_otg.o
 .debug_info    0x0000e460       0x22 Core/Startup/startup_stm32h745zitx.o
 .debug_info    0x0000e482     0x1976 Drivers/STM32H7xx_HAL_Driver/stm32h7xx_hal.o
 .debug_info    0x0000fdf8     0x13fc Drivers/STM32H7xx_HAL_Driver/stm32h7xx_hal_cortex.o
 .debug_info    0x000111f4      0xe1e Drivers/STM32H7xx_HAL_Driver/stm32h7xx_hal_gpio.o
 .debug_info    0x00012012      0x43b Drivers/STM32H7xx_HAL_Driver/stm32h7xx_hal_hsem.o
 .debug_info    0x0001244d     0x1983 Drivers/STM32H7xx_HAL_Driver/stm32h7xx_hal_pcd.o
 .debug_info    0x00013dd0      0x9f3 Drivers/STM32H7xx_HAL_Driver/stm32h7xx_hal_pcd_ex.o
 .debug_info    0x000147c3     0x14aa Drivers/STM32H7xx_HAL_Driver/stm32h7xx_hal_pwr_ex.o
 .debug_info    0x00015c6d     0x1278 Drivers/STM32H7xx_HAL_Driver/stm32h7xx_hal_rcc.o
 .debug_info    0x00016ee5     0x1a37 Drivers/STM32H7xx_HAL_Driver/stm32h7xx_hal_rcc_ex.o
 .debug_info    0x0001891c     0x1fd0 Drivers/STM32H7xx_HAL_Driver/stm32h7xx_ll_usb.o

.debug_abbrev   0x00000000     0x33a6
 .debug_abbrev  0x00000000      0xcb2 App/Src/stream_test.o
 .debug_abbrev  0x00000cb2      0x14d Common/Src/system_stm32h7xx_dualcore_boot_cm4_cm7.o
 .debug_abbrev  0x00000dff       0xd8 Core/Src/dma.o
 .debug_abbrev  0x00000ed7       0xee Core/Src/gpio.o
 .debug_abbrev  0x00000fc5      0x2fd Core/Src/main.o
 .debug_abbrev  0x000012c2       0xd8 Core/Src/stm32h7xx_hal_msp.o
 .debug_abbrev  0x0000139a       0xb8 Core/Src/stm32h7xx_it.o
 .debug_abbrev  0x00001452      0x22b Core/Src/usb_otg.o
 .debug_abbrev  0x0000167d       0x12 Core/Startup/startup_stm32h745zitx.o
 .debug_abbrev  0x0000168f      0x2dd Drivers/STM32H7xx_HAL_Driver/stm32h7xx_hal.o
 .debug_abbrev  0x0000196c      0x385 Drivers/STM32H7xx_HAL_Driver/stm32h7xx_hal_cortex.o
 .debug_abbrev  0x00001cf1      0x23a Drivers/STM32H7xx_HAL_Driver/stm32h7xx_hal_gpio.o
 .debug_abbrev  0x00001f2b      0x1ed Drivers/STM32H7xx_HAL_Driver/stm32h7xx_hal_hsem.o
 .debug_abbrev  0x00002118      0x36a Drivers/STM32H7xx_HAL_Driver/stm32h7xx_hal_pcd.o
 .debug_abbrev  0x00002482      0x293 Drivers/STM32H7xx_HAL_Driver/stm32h7xx_hal_pcd_ex.o
 .debug_abbrev  0x00002715      0x311 Drivers/STM32H7xx_HAL_Driver/stm32h7xx_hal_pwr_ex.o
 .debug_abbrev  0x00002a26      0x2de Drivers/STM32H7xx_HAL_Driver/stm32h7xx_hal_rcc.o
 .debug_abbrev  0x00002d04      0x30a Drivers/STM32H7xx_HAL_Driver/stm32h7xx_hal_rcc_ex.o
 .debug_abbrev  0x0000300e      0x398 Drivers/STM32H7xx_HAL_Driver/stm32h7xx_ll_usb.o

.debug_loc      0x00000000     0x7a48
 .debug_loc     0x00000000     0x11db App/Src/stream_test.o
 .debug_loc     0x000011db      0x187 Common/Src/system_stm32h7xx_dualcore_boot_cm4_cm7.o
 .debug_loc     0x00001362      0x114 Core/Src/main.o
 .debug_loc     0x00001476       0x64 Core/Src/usb_otg.o
 .debug_loc     0x000014da      0x615 Drivers/STM32H7xx_HAL_Driver/stm32h7xx_hal.o
 .debug_loc     0x00001aef      0x653 Drivers/STM32H7xx_HAL_Driver/stm32h7xx_hal_cortex.o
 .debug_loc     0x00002142      0x34b Drivers/STM32H7xx_HAL_Driver/stm32h7xx_hal_gpio.o
 .debug_loc     0x0000248d      0x196 Drivers/STM32H7xx_HAL_Driver/stm32h7xx_hal_hsem.o
 .debug_loc     0x00002623      0xf9e Drivers/STM32H7xx_HAL_Driver/stm32h7xx_hal_pcd.o
 .debug_loc     0x000035c1      0x28d Drivers/STM32H7xx_HAL_Driver/stm32h7xx_hal_pcd_ex.o
 .debug_loc     0x0000384e      0x694 Drivers/STM32H7xx_HAL_Driver/stm32h7xx_hal_pwr_ex.o
 .debug_loc     0x00003ee2      0x777 Drivers/STM32H7xx_HAL_Driver/stm32h7xx_hal_rcc.o
 .debug_loc     0x00004659     0x1064 Drivers/STM32H7xx_HAL_Driver/stm32h7xx_hal_rcc_ex.o
 .debug_loc     0x000056bd     0x238b Drivers/STM32H7xx_HAL_Driver/stm32h7xx_ll_usb.o

.debug_aranges  0x00000000      0xa70
 .debug_aranges
                0x00000000       0x48 App/Src/stream_test.o
 .debug_aranges
                0x00000048       0x28 Common/Src/system_stm32h7xx_dualcore_boot_cm4_cm7.o
 .debug_aranges
                0x00000070       0x20 Core/Src/dma.o
 .debug_aranges
                0x00000090       0x20 Core/Src/gpio.o
 .debug_aranges
                0x000000b0       0x30 Core/Src/main.o
 .debug_aranges
                0x000000e0       0x20 Core/Src/stm32h7xx_hal_msp.o
 .debug_aranges
                0x00000100       0x50 Core/Src/stm32h7xx_it.o
 .debug_aranges
                0x00000150       0x30 Core/Src/usb_otg.o
 .debug_aranges
                0x00000180       0x28 Core/Startup/startup_stm32h745zitx.o
 .debug_aranges
                0x000001a8      0x1f8 Drivers/STM32H7xx_HAL_Driver/stm32h7xx_hal.o
 .debug_aranges
                0x000003a0       0xb0 Drivers/STM32H7xx_HAL_Driver/stm32h7xx_hal_cortex.o
 .debug_aranges
                0x00000450       0x58 Drivers/STM32H7xx_HAL_Driver/stm32h7xx_hal_gpio.o
 .debug_aranges
                0x000004a8       0x70 Drivers/STM32H7xx_HAL_Driver/stm32h7xx_hal_hsem.o
 .debug_aranges
                0x00000518       0xc0 Drivers/STM32H7xx_HAL_Driver/stm32h7xx_hal_pcd.o
 .debug_aranges
                0x000005d8       0x58 Drivers/STM32H7xx_HAL_Driver/stm32h7xx_hal_pcd_ex.o
 .debug_aranges
                0x00000630      0x140 Drivers/STM32H7xx_HAL_Driver/stm32h7xx_hal_pwr_ex.o
 .debug_aranges
                0x00000770       0x88 Drivers/STM32H7xx_HAL_Driver/stm32h7xx_hal_rcc.o
 .debug_aranges
                0x000007f8       0xe0 Drivers/STM32H7xx_HAL_Driver/stm32h7xx_hal_rcc_ex.o
 .debug_aranges
                0x000008d8      0x198 Drivers/STM32H7xx_HAL_Driver/stm32h7xx_ll_usb.o

.debug_ranges   0x00000000      0xf10
 .debug_ranges  0x00000000      0x2d8 App/Src/stream_test.o
 .debug_ranges  0x000002d8       0x18 Common/Src/system_stm32h7xx_dualcore_boot_cm4_cm7.o
 .debug_ranges  0x000002f0       0x28 Core/Src/dma.o
 .debug_ranges  0x00000318       0x28 Core/Src/gpio.o
 .debug_ranges  0x00000340       0xb0 Core/Src/main.o
 .debug_ranges  0x000003f0       0x28 Core/Src/stm32h7xx_hal_msp.o
 .debug_ranges  0x00000418       0x40 Core/Src/stm32h7xx_it.o
 .debug_ranges  0x00000458       0x48 Core/Src/usb_otg.o
 .debug_ranges  0x000004a0       0x20 Core/Startup/startup_stm32h745zitx.o
 .debug_ranges  0x000004c0      0x1e8 Drivers/STM32H7xx_HAL_Driver/stm32h7xx_hal.o
 .debug_ranges  0x000006a8      0x160 Drivers/STM32H7xx_HAL_Driver/stm32h7xx_hal_cortex.o
 .debug_ranges  0x00000808       0x70 Drivers/STM32H7xx_HAL_Driver/stm32h7xx_hal_gpio.o
 .debug_ranges  0x00000878       0x60 Drivers/STM32H7xx_HAL_Driver/stm32h7xx_hal_hsem.o
 .debug_ranges  0x000008d8       0xf8 Drivers/STM32H7xx_HAL_Driver/stm32h7xx_hal_pcd.o
 .debug_ranges  0x000009d0       0x48 Drivers/STM32H7xx_HAL_Driver/stm32h7xx_hal_pcd_ex.o
 .debug_ranges  0x00000a18      0x160 Drivers/STM32H7xx_HAL_Driver/stm32h7xx_hal_pwr_ex.o
 .debug_ranges  0x00000b78       0xf0 Drivers/STM32H7xx_HAL_Driver/stm32h7xx_hal_rcc.o
 .debug_ranges  0x00000c68      0x100 Drivers/STM32H7xx_HAL_Driver/stm32h7xx_hal_rcc_ex.o
 .debug_ranges  0x00000d68      0x1a8 Drivers/STM32H7xx_HAL_Driver/stm32h7xx_ll_usb.o

.debug_macro    0x00000000    0x3da1a
 .debug_macro   0x00000000      0xaee App/Src/stream_test.o
 .debug_macro   0x00000aee      0xc34 App/Src/stream_test.o
 .debug_macro   0x00001722      0x18a App/Src/stream_test.o
 .debug_macro   0x000018ac       0x10 App/Src/stream_test.o
 .debug_macro   0x000018bc       0xba App/Src/stream_test.o
 .debug_macro   0x00001976       0xf7 App/Src/stream_test.o
 .debug_macro   0x00001a6d      0x3d1 App/Src/stream_test.o
 .debug_macro   0x00001e3e       0x94 App/Src/stream_test.o
 .debug_macro   0x00001ed2       0x19 App/Src/stream_test.o
 .debug_macro   0x00001eeb       0x10 App/Src/stream_test.o
 .debug_macro   0x00001efb       0x18 App/Src/stream_test.o
 .debug_macro   0x00001f13       0x68 App/Src/stream_test.o
 .debug_macro   0x00001f7b       0x35 App/Src/stream_test.o
 .debug_macro   0x00001fb0       0x1c App/Src/stream_test.o
 .debug_macro   0x00001fcc       0x17 App/Src/stream_test.o
 .debug_macro   0x00001fe3       0x10 App/Src/stream_test.o
 .debug_macro   0x00001ff3       0x28 App/Src/stream_test.o
 .debug_macro   0x0000201b       0x2e App/Src/stream_test.o
 .debug_macro   0x00002049       0x16 App/Src/stream_test.o
 .debug_macro   0x0000205f      0x17b App/Src/stream_test.o
 .debug_macro   0x000021da       0x10 App/Src/stream_test.o
 .debug_macro   0x000021ea       0x12 App/Src/stream_test.o
 .debug_macro   0x000021fc       0x19 App/Src/stream_test.o
 .debug_macro   0x00002215       0x88 App/Src/stream_test.o
 .debug_macro   0x0000229d       0x19 App/Src/stream_test.o
 .debug_macro   0x000022b6       0x18 App/Src/stream_test.o
 .debug_macro   0x000022ce       0x10 App/Src/stream_test.o
 .debug_macro   0x000022de       0x11 App/Src/stream_test.o
 .debug_macro   0x000022ef       0x1c App/Src/stream_test.o
 .debug_macro   0x0000230b       0x22 App/Src/stream_test.o
 .debug_macro   0x0000232d       0x4c App/Src/stream_test.o
 .debug_macro   0x00002379       0x17 App/Src/stream_test.o
 .debug_macro   0x00002390       0x94 App/Src/stream_test.o
 .debug_macro   0x00002424       0x3c App/Src/stream_test.o
 .debug_macro   0x00002460       0x34 App/Src/stream_test.o
 .debug_macro   0x00002494       0x16 App/Src/stream_test.o
 .debug_macro   0x000024aa       0x43 App/Src/stream_test.o
 .debug_macro   0x000024ed       0x57 App/Src/stream_test.o
 .debug_macro   0x00002544       0x34 App/Src/stream_test.o
 .debug_macro   0x00002578       0x10 App/Src/stream_test.o
 .debug_macro   0x00002588       0x58 App/Src/stream_test.o
 .debug_macro   0x000025e0       0x71 App/Src/stream_test.o
 .debug_macro   0x00002651       0x16 App/Src/stream_test.o
 .debug_macro   0x00002667      0x12a App/Src/stream_test.o
 .debug_macro   0x00002791       0x1c App/Src/stream_test.o
 .debug_macro   0x000027ad       0x3c App/Src/stream_test.o
 .debug_macro   0x000027e9      0x356 App/Src/stream_test.o
 .debug_macro   0x00002b3f       0x10 App/Src/stream_test.o
 .debug_macro   0x00002b4f       0x1c App/Src/stream_test.o
 .debug_macro   0x00002b6b       0x33 App/Src/stream_test.o
 .debug_macro   0x00002b9e      0x173 App/Src/stream_test.o
 .debug_macro   0x00002d11       0x10 App/Src/stream_test.o
 .debug_macro   0x00002d21       0x35 App/Src/stream_test.o
 .debug_macro   0x00002d56       0x5e App/Src/stream_test.o
 .debug_macro   0x00002db4       0x16 App/Src/stream_test.o
 .debug_macro   0x00002dca       0x52 App/Src/stream_test.o
 .debug_macro   0x00002e1c       0x5e App/Src/stream_test.o
 .debug_macro   0x00002e7a       0x11 App/Src/stream_test.o
 .debug_macro   0x00002e8b       0x2f App/Src/stream_test.o
 .debug_macro   0x00002eba       0x16 App/Src/stream_test.o
 .debug_macro   0x00002ed0       0x11 App/Src/stream_test.o
 .debug_macro   0x00002ee1       0x1c App/Src/stream_test.o
 .debug_macro   0x00002efd      0x103 App/Src/stream_test.o
 .debug_macro   0x00003000       0x6a App/Src/stream_test.o
 .debug_macro   0x0000306a      0x1d1 App/Src/stream_test.o
 .debug_macro   0x0000323b       0x11 App/Src/stream_test.o
 .debug_macro   0x0000324c       0x10 App/Src/stream_test.o
 .debug_macro   0x0000325c       0x16 App/Src/stream_test.o
 .debug_macro   0x00003272       0x16 App/Src/stream_test.o
 .debug_macro   0x00003288       0x29 App/Src/stream_test.o
 .debug_macro   0x000032b1       0x1c App/Src/stream_test.o
 .debug_macro   0x000032cd       0xde App/Src/stream_test.o
 .debug_macro   0x000033ab       0x11 App/Src/stream_test.o
 .debug_macro   0x000033bc      0x120 App/Src/stream_test.o
 .debug_macro   0x000034dc       0x12 App/Src/stream_test.o
 .debug_macro   0x000034ee       0x17 App/Src/stream_test.o
 .debug_macro   0x00003505       0x17 App/Src/stream_test.o
 .debug_macro   0x0000351c       0x17 App/Src/stream_test.o
 .debug_macro   0x00003533       0x1c App/Src/stream_test.o
 .debug_macro   0x0000354f       0x10 App/Src/stream_test.o
 .debug_macro   0x0000355f       0x1c App/Src/stream_test.o
 .debug_macro   0x0000357b       0x52 App/Src/stream_test.o
 .debug_macro   0x000035cd       0x22 App/Src/stream_test.o
 .debug_macro   0x000035ef       0x10 App/Src/stream_test.o
 .debug_macro   0x000035ff       0x40 App/Src/stream_test.o
 .debug_macro   0x0000363f       0xd5 App/Src/stream_test.o
 .debug_macro   0x00003714       0x1c App/Src/stream_test.o
 .debug_macro   0x00003730       0x3d App/Src/stream_test.o
 .debug_macro   0x0000376d       0x16 App/Src/stream_test.o
 .debug_macro   0x00003783      0x130 App/Src/stream_test.o
 .debug_macro   0x000038b3      0x11d App/Src/stream_test.o
 .debug_macro   0x000039d0       0x10 App/Src/stream_test.o
 .debug_macro   0x000039e0      0x241 App/Src/stream_test.o
 .debug_macro   0x00003c21       0x11 App/Src/stream_test.o
 .debug_macro   0x00003c32       0x1f App/Src/stream_test.o
 .debug_macro   0x00003c51       0x10 App/Src/stream_test.o
 .debug_macro   0x00003c61       0x11 App/Src/stream_test.o
 .debug_macro   0x00003c72       0x10 App/Src/stream_test.o
 .debug_macro   0x00003c82       0x11 App/Src/stream_test.o
 .debug_macro   0x00003c93       0x2d App/Src/stream_test.o
 .debug_macro   0x00003cc0       0x26 App/Src/stream_test.o
 .debug_macro   0x00003ce6       0x41 App/Src/stream_test.o
 .debug_macro   0x00003d27       0x10 App/Src/stream_test.o
 .debug_macro   0x00003d37       0x28 App/Src/stream_test.o
 .debug_macro   0x00003d5f       0x16 App/Src/stream_test.o
 .debug_macro   0x00003d75       0x8e App/Src/stream_test.o
 .debug_macro   0x00003e03       0x4c App/Src/stream_test.o
 .debug_macro   0x00003e4f       0x27 App/Src/stream_test.o
 .debug_macro   0x00003e76       0x26 App/Src/stream_test.o
 .debug_macro   0x00003e9c      0x232 App/Src/stream_test.o
 .debug_macro   0x000040ce       0x2e App/Src/stream_test.o
 .debug_macro   0x000040fc       0x49 App/Src/stream_test.o
 .debug_macro   0x00004145       0x1c App/Src/stream_test.o
 .debug_macro   0x00004161       0x22 App/Src/stream_test.o
 .debug_macro   0x00004183       0xfb App/Src/stream_test.o
 .debug_macro   0x0000427e     0x1305 App/Src/stream_test.o
 .debug_macro   0x00005583      0x11f App/Src/stream_test.o
 .debug_macro   0x000056a2       0x27 App/Src/stream_test.o
 .debug_macro   0x000056c9    0x26895 App/Src/stream_test.o
 .debug_macro   0x0002bf5e       0x43 App/Src/stream_test.o
 .debug_macro   0x0002bfa1     0x3cd3 App/Src/stream_test.o
 .debug_macro   0x0002fc74      0x1a2 App/Src/stream_test.o
 .debug_macro   0x0002fe16      0x3db App/Src/stream_test.o
 .debug_macro   0x000301f1       0x16 App/Src/stream_test.o
 .debug_macro   0x00030207       0x11 App/Src/stream_test.o
 .debug_macro   0x00030218       0x17 App/Src/stream_test.o
 .debug_macro   0x0003022f       0x17 App/Src/stream_test.o
 .debug_macro   0x00030246       0x17 App/Src/stream_test.o
 .debug_macro   0x0003025d       0x17 App/Src/stream_test.o
 .debug_macro   0x00030274       0x17 App/Src/stream_test.o
 .debug_macro   0x0003028b       0x17 App/Src/stream_test.o
 .debug_macro   0x000302a2       0x5d App/Src/stream_test.o
 .debug_macro   0x000302ff     0x3a9d App/Src/stream_test.o
 .debug_macro   0x00033d9c     0x1048 App/Src/stream_test.o
 .debug_macro   0x00034de4      0x14d App/Src/stream_test.o
 .debug_macro   0x00034f31      0x133 App/Src/stream_test.o
 .debug_macro   0x00035064      0x3be App/Src/stream_test.o
 .debug_macro   0x00035422       0x27 App/Src/stream_test.o
 .debug_macro   0x00035449      0x72d App/Src/stream_test.o
 .debug_macro   0x00035b76      0x229 App/Src/stream_test.o
 .debug_macro   0x00035d9f       0x66 App/Src/stream_test.o
 .debug_macro   0x00035e05      0x3bb App/Src/stream_test.o
 .debug_macro   0x000361c0      0x408 App/Src/stream_test.o
 .debug_macro   0x000365c8      0x27c App/Src/stream_test.o
 .debug_macro   0x00036844      0x3cb App/Src/stream_test.o
 .debug_macro   0x00036c0f      0x4a2 App/Src/stream_test.o
 .debug_macro   0x000370b1       0x51 App/Src/stream_test.o
 .debug_macro   0x00037102       0x4a App/Src/stream_test.o
 .debug_macro   0x0003714c      0x22c App/Src/stream_test.o
 .debug_macro   0x00037378       0x67 App/Src/stream_test.o
 .debug_macro   0x000373df       0xa5 App/Src/stream_test.o
 .debug_macro   0x00037484      0x219 App/Src/stream_test.o
 .debug_macro   0x0003769d      0x2eb App/Src/stream_test.o
 .debug_macro   0x00037988       0x35 App/Src/stream_test.o
 .debug_macro   0x000379bd      0x21e App/Src/stream_test.o
 .debug_macro   0x00037bdb       0x90 App/Src/stream_test.o
 .debug_macro   0x00037c6b      0x798 App/Src/stream_test.o
 .debug_macro   0x00038403      0x2aa Common/Src/system_stm32h7xx_dualcore_boot_cm4_cm7.o
 .debug_macro   0x000386ad      0xa9c Common/Src/system_stm32h7xx_dualcore_boot_cm4_cm7.o
 .debug_macro   0x00039149       0x8e Common/Src/system_stm32h7xx_dualcore_boot_cm4_cm7.o
 .debug_macro   0x000391d7       0x51 Common/Src/system_stm32h7xx_dualcore_boot_cm4_cm7.o
 .debug_macro   0x00039228      0x1df Common/Src/system_stm32h7xx_dualcore_boot_cm4_cm7.o
 .debug_macro   0x00039407     0x1305 Common/Src/system_stm32h7xx_dualcore_boot_cm4_cm7.o
 .debug_macro   0x0003a70c      0x174 Common/Src/system_stm32h7xx_dualcore_boot_cm4_cm7.o
 .debug_macro   0x0003a880       0x52 Common/Src/system_stm32h7xx_dualcore_boot_cm4_cm7.o
 .debug_macro   0x0003a8d2       0x34 Common/Src/system_stm32h7xx_dualcore_boot_cm4_cm7.o
 .debug_macro   0x0003a906       0x43 Common/Src/system_stm32h7xx_dualcore_boot_cm4_cm7.o
 .debug_macro   0x0003a949       0x1c Common/Src/system_stm32h7xx_dualcore_boot_cm4_cm7.o
 .debug_macro   0x0003a965      0x333 Common/Src/system_stm32h7xx_dualcore_boot_cm4_cm7.o
 .debug_macro   0x0003ac98      0x1a9 Common/Src/system_stm32h7xx_dualcore_boot_cm4_cm7.o
 .debug_macro   0x0003ae41      0x2b8 Core/Src/dma.o
 .debug_macro   0x0003b0f9      0x2b8 Core/Src/gpio.o
 .debug_macro   0x0003b3b1      0x2d6 Core/Src/main.o
 .debug_macro   0x0003b687      0x2ae Core/Src/stm32h7xx_hal_msp.o
 .debug_macro   0x0003b935      0x2b8 Core/Src/stm32h7xx_it.o
 .debug_macro   0x0003bbed      0x2b8 Core/Src/usb_otg.o
 .debug_macro   0x0003bea5      0x2ce Drivers/STM32H7xx_HAL_Driver/stm32h7xx_hal.o
 .debug_macro   0x0003c173      0x2a4 Drivers/STM32H7xx_HAL_Driver/stm32h7xx_hal_cortex.o
 .debug_macro   0x0003c417      0x2ee Drivers/STM32H7xx_HAL_Driver/stm32h7xx_hal_gpio.o
 .debug_macro   0x0003c705      0x2b6 Drivers/STM32H7xx_HAL_Driver/stm32h7xx_hal_hsem.o
 .debug_macro   0x0003c9bb      0x2b0 Drivers/STM32H7xx_HAL_Driver/stm32h7xx_hal_pcd.o
 .debug_macro   0x0003cc6b      0x2a4 Drivers/STM32H7xx_HAL_Driver/stm32h7xx_hal_pcd_ex.o
 .debug_macro   0x0003cf0f      0x2dd Drivers/STM32H7xx_HAL_Driver/stm32h7xx_hal_pwr_ex.o
 .debug_macro   0x0003d1ec      0x2c8 Drivers/STM32H7xx_HAL_Driver/stm32h7xx_hal_rcc.o
 .debug_macro   0x0003d4b4      0x2c2 Drivers/STM32H7xx_HAL_Driver/stm32h7xx_hal_rcc_ex.o
 .debug_macro   0x0003d776      0x2a4 Drivers/STM32H7xx_HAL_Driver/stm32h7xx_ll_usb.o

.debug_line     0x00000000    0x109ec
 .debug_line    0x00000000     0x1ccc App/Src/stream_test.o
 .debug_line    0x00001ccc      0x91e Common/Src/system_stm32h7xx_dualcore_boot_cm4_cm7.o
 .debug_line    0x000025ea      0x6a3 Core/Src/dma.o
 .debug_line    0x00002c8d      0x6b7 Core/Src/gpio.o
 .debug_line    0x00003344      0xa8e Core/Src/main.o
 .debug_line    0x00003dd2      0x6a9 Core/Src/stm32h7xx_hal_msp.o
 .debug_line    0x0000447b      0x771 Core/Src/stm32h7xx_it.o
 .debug_line    0x00004bec      0x7ee Core/Src/usb_otg.o
 .debug_line    0x000053da       0x88 Core/Startup/startup_stm32h745zitx.o
 .debug_line    0x00005462      0xfab Drivers/STM32H7xx_HAL_Driver/stm32h7xx_hal.o
 .debug_line    0x0000640d      0xcf9 Drivers/STM32H7xx_HAL_Driver/stm32h7xx_hal_cortex.o
 .debug_line    0x00007106      0xc25 Drivers/STM32H7xx_HAL_Driver/stm32h7xx_hal_gpio.o
 .debug_line    0x00007d2b      0x843 Drivers/STM32H7xx_HAL_Driver/stm32h7xx_hal_hsem.o
 .debug_line    0x0000856e     0x16bb Drivers/STM32H7xx_HAL_Driver/stm32h7xx_hal_pcd.o
 .debug_line    0x00009c29      0x9ad Drivers/STM32H7xx_HAL_Driver/stm32h7xx_hal_pcd_ex.o
 .debug_line    0x0000a5d6     0x103e Drivers/STM32H7xx_HAL_Driver/stm32h7xx_hal_pwr_ex.o
 .debug_line    0x0000b614     0x167e Drivers/STM32H7xx_HAL_Driver/stm32h7xx_hal_rcc.o
 .debug_line    0x0000cc92     0x1c8f Drivers/STM32H7xx_HAL_Driver/stm32h7xx_hal_rcc_ex.o
 .debug_line    0x0000e921     0x20cb Drivers/STM32H7xx_HAL_Driver/stm32h7xx_ll_usb.o

.debug_str      0x00000000   0x181a17
 .debug_str     0x00000000   0x17cd04 App/Src/stream_test.o
                             0x17d6e9 (size before relaxing)
 .debug_str     0x0017cd04      0x8f7 Common/Src/system_stm32h7xx_dualcore_boot_cm4_cm7.o
                             0x16ba1a (size before relaxing)
 .debug_str     0x0017d5fb       0x30 Core/Src/dma.o
                             0x16b610 (size before relaxing)
 .debug_str     0x0017d62b       0x2c Core/Src/gpio.o
                             0x16b613 (size before relaxing)
 .debug_str     0x0017d657      0x442 Core/Src/main.o
                             0x16bbd3 (size before relaxing)
 .debug_str     0x0017da99       0x2c Core/Src/stm32h7xx_hal_msp.o
                             0x16b613 (size before relaxing)
 .debug_str     0x0017dac5       0xc9 Core/Src/stm32h7xx_it.o
                             0x16b472 (size before relaxing)
 .debug_str     0x0017db8e      0x7bb Core/Src/usb_otg.o
                             0x16bec4 (size before relaxing)
 .debug_str     0x0017e349       0x36 Core/Startup/startup_stm32h745zitx.o
                                 0x72 (size before relaxing)
 .debug_str     0x0017e37f     0x11b3 Drivers/STM32H7xx_HAL_Driver/stm32h7xx_hal.o
                             0x16ca97 (size before relaxing)
 .debug_str     0x0017f532      0x2cb Drivers/STM32H7xx_HAL_Driver/stm32h7xx_hal_cortex.o
                             0x16c2d0 (size before relaxing)
 .debug_str     0x0017f7fd      0x261 Drivers/STM32H7xx_HAL_Driver/stm32h7xx_hal_gpio.o
                             0x16ba77 (size before relaxing)
 .debug_str     0x0017fa5e      0x215 Drivers/STM32H7xx_HAL_Driver/stm32h7xx_hal_hsem.o
                             0x16b62d (size before relaxing)
 .debug_str     0x0017fc73      0x7e3 Drivers/STM32H7xx_HAL_Driver/stm32h7xx_hal_pcd.o
                             0x16c036 (size before relaxing)
 .debug_str     0x00180456      0x1b6 Drivers/STM32H7xx_HAL_Driver/stm32h7xx_hal_pcd_ex.o
                             0x16ba39 (size before relaxing)
 .debug_str     0x0018060c      0x68b Drivers/STM32H7xx_HAL_Driver/stm32h7xx_hal_pwr_ex.o
                             0x16bead (size before relaxing)
 .debug_str     0x00180c97      0x249 Drivers/STM32H7xx_HAL_Driver/stm32h7xx_hal_rcc.o
                             0x16bd23 (size before relaxing)
 .debug_str     0x00180ee0      0x6b0 Drivers/STM32H7xx_HAL_Driver/stm32h7xx_hal_rcc_ex.o
                             0x16c22f (size before relaxing)
 .debug_str     0x00181590      0x487 Drivers/STM32H7xx_HAL_Driver/stm32h7xx_ll_usb.o
                             0x16bf20 (size before relaxing)

.comment        0x00000000       0x4d
 .comment       0x00000000       0x4d App/Src/stream_test.o
                                 0x4e (size before relaxing)
 .comment       0x0000004d       0x4e Common/Src/system_stm32h7xx_dualcore_boot_cm4_cm7.o
 .comment       0x0000004d       0x4e Core/Src/dma.o
 .comment       0x0000004d       0x4e Core/Src/gpio.o
 .comment       0x0000004d       0x4e Core/Src/main.o
 .comment       0x0000004d       0x4e Core/Src/stm32h7xx_hal_msp.o
 .comment       0x0000004d       0x4e Core/Src/stm32h7xx_it.o
 .comment       0x0000004d       0x4e Core/Src/usb_otg.o
 .comment       0x0000004d       0x4e Drivers/STM32H7xx_HAL_Driver/stm32h7xx_hal.o
 .comment       0x0000004d       0x4e Drivers/STM32H7xx_HAL_Driver/stm32h7xx_hal_cortex.o
 .comment       0x0000004d       0x4e Drivers/STM32H7xx_HAL_Driver/stm32h7xx_hal_gpio.o
 .comment       0x0000004d       0x4e Drivers/STM32H7xx_HAL_Driver/stm32h7xx_hal_hsem.o
 .comment       0x0000004d       0x4e Drivers/STM32H7xx_HAL_Driver/stm32h7xx_hal_pcd.o
 .comment       0x0000004d       0x4e Drivers/STM32H7xx_HAL_Driver/stm32h7xx_hal_pcd_ex.o
 .comment       0x0000004d       0x4e Drivers/STM32H7xx_HAL_Driver/stm32h7xx_hal_pwr_ex.o
 .comment       0x0000004d       0x4e Drivers/STM32H7xx_HAL_Driver/stm32h7xx_hal_rcc.o
 .comment       0x0000004d       0x4e Drivers/STM32H7xx_HAL_Driver/stm32h7xx_hal_rcc_ex.o
 .comment       0x0000004d       0x4e Drivers/STM32H7xx_HAL_Driver/stm32h7xx_ll_usb.o

.debug_frame    0x00000000     0x19e0
 .debug_frame   0x00000000       0xd4 App/Src/stream_test.o
 .debug_frame   0x000000d4       0x3c Common/Src/system_stm32h7xx_dualcore_boot_cm4_cm7.o
 .debug_frame   0x00000110       0x28 Core/Src/dma.o
 .debug_frame   0x00000138       0x28 Core/Src/gpio.o
 .debug_frame   0x00000160       0x58 Core/Src/main.o
 .debug_frame   0x000001b8       0x28 Core/Src/stm32h7xx_hal_msp.o
 .debug_frame   0x000001e0       0xa0 Core/Src/stm32h7xx_it.o
 .debug_frame   0x00000280       0x64 Core/Src/usb_otg.o
 .debug_frame   0x000002e4      0x45c Drivers/STM32H7xx_HAL_Driver/stm32h7xx_hal.o
 .debug_frame   0x00000740      0x168 Drivers/STM32H7xx_HAL_Driver/stm32h7xx_hal_cortex.o
 .debug_frame   0x000008a8       0xd4 Drivers/STM32H7xx_HAL_Driver/stm32h7xx_hal_gpio.o
 .debug_frame   0x0000097c       0xc8 Drivers/STM32H7xx_HAL_Driver/stm32h7xx_hal_hsem.o
 .debug_frame   0x00000a44      0x2cc Drivers/STM32H7xx_HAL_Driver/stm32h7xx_hal_pcd.o
 .debug_frame   0x00000d10       0xb8 Drivers/STM32H7xx_HAL_Driver/stm32h7xx_hal_pcd_ex.o
 .debug_frame   0x00000dc8      0x340 Drivers/STM32H7xx_HAL_Driver/stm32h7xx_hal_pwr_ex.o
 .debug_frame   0x00001108      0x178 Drivers/STM32H7xx_HAL_Driver/stm32h7xx_hal_rcc.o
 .debug_frame   0x00001280      0x290 Drivers/STM32H7xx_HAL_Driver/stm32h7xx_hal_rcc_ex.o
 .debug_frame   0x00001510      0x45c Drivers/STM32H7xx_HAL_Driver/stm32h7xx_ll_usb.o
 .debug_frame   0x0000196c       0x2c c:/program files (x86)/gnu arm embedded toolchain/10 2020-q4-major/bin/../lib/gcc/arm-none-eabi/10.2.1/../../../../arm-none-eabi/lib/thumb/v7e-m+dp/hard\libc_nano.a(lib_a-init.o)
 .debug_frame   0x00001998       0x28 c:/program files (x86)/gnu arm embedded toolchain/10 2020-q4-major/bin/../lib/gcc/arm-none-eabi/10.2.1/../../../../arm-none-eabi/lib/thumb/v7e-m+dp/hard\libc_nano.a(lib_a-memcpy-stub.o)
 .debug_frame   0x000019c0       0x20 c:/program files (x86)/gnu arm embedded toolchain/10 2020-q4-major/bin/../lib/gcc/arm-none-eabi/10.2.1/../../../../arm-none-eabi/lib/thumb/v7e-m+dp/hard\libc_nano.a(lib_a-memset.o)
