Archive member included to satisfy reference by file (symbol)

c:/program files (x86)/gnu arm embedded toolchain/10 2020-q4-major/bin/../lib/gcc/arm-none-eabi/10.2.1/../../../../arm-none-eabi/lib/thumb/v7e-m+fp/hard\libc_nano.a(lib_a-errno.o)
                              Core/Src/syscalls.o (__errno)
c:/program files (x86)/gnu arm embedded toolchain/10 2020-q4-major/bin/../lib/gcc/arm-none-eabi/10.2.1/../../../../arm-none-eabi/lib/thumb/v7e-m+fp/hard\libc_nano.a(lib_a-exit.o)
                              c:/program files (x86)/gnu arm embedded toolchain/10 2020-q4-major/bin/../lib/gcc/arm-none-eabi/10.2.1/../../../../arm-none-eabi/lib/thumb/v7e-m+fp/hard/crt0.o (exit)
c:/program files (x86)/gnu arm embedded toolchain/10 2020-q4-major/bin/../lib/gcc/arm-none-eabi/10.2.1/../../../../arm-none-eabi/lib/thumb/v7e-m+fp/hard\libc_nano.a(lib_a-impure.o)
                              c:/program files (x86)/gnu arm embedded toolchain/10 2020-q4-major/bin/../lib/gcc/arm-none-eabi/10.2.1/../../../../arm-none-eabi/lib/thumb/v7e-m+fp/hard\libc_nano.a(lib_a-exit.o) (_global_impure_ptr)
c:/program files (x86)/gnu arm embedded toolchain/10 2020-q4-major/bin/../lib/gcc/arm-none-eabi/10.2.1/../../../../arm-none-eabi/lib/thumb/v7e-m+fp/hard\libc_nano.a(lib_a-init.o)
                              c:/program files (x86)/gnu arm embedded toolchain/10 2020-q4-major/bin/../lib/gcc/arm-none-eabi/10.2.1/../../../../arm-none-eabi/lib/thumb/v7e-m+fp/hard/crt0.o (__libc_init_array)
c:/program files (x86)/gnu arm embedded toolchain/10 2020-q4-major/bin/../lib/gcc/arm-none-eabi/10.2.1/../../../../arm-none-eabi/lib/thumb/v7e-m+fp/hard\libc_nano.a(lib_a-memcpy-stub.o)
                              App/Src/stream_test.o (memcpy)
c:/program files (x86)/gnu arm embedded toolchain/10 2020-q4-major/bin/../lib/gcc/arm-none-eabi/10.2.1/../../../../arm-none-eabi/lib/thumb/v7e-m+fp/hard\libc_nano.a(lib_a-memmove.o)
                              App/Src/stream_test.o (memmove)
c:/program files (x86)/gnu arm embedded toolchain/10 2020-q4-major/bin/../lib/gcc/arm-none-eabi/10.2.1/../../../../arm-none-eabi/lib/thumb/v7e-m+fp/hard\libc_nano.a(lib_a-memset.o)
                              c:/program files (x86)/gnu arm embedded toolchain/10 2020-q4-major/bin/../lib/gcc/arm-none-eabi/10.2.1/../../../../arm-none-eabi/lib/thumb/v7e-m+fp/hard/crt0.o (memset)
c:/program files (x86)/gnu arm embedded toolchain/10 2020-q4-major/bin/../lib/gcc/arm-none-eabi/10.2.1/../../../../arm-none-eabi/lib/thumb/v7e-m+fp/hard\libc_nano.a(lib_a-strlen.o)
                              App/Src/stream_test.o (strlen)
c:/program files (x86)/gnu arm embedded toolchain/10 2020-q4-major/bin/../lib/gcc/arm-none-eabi/10.2.1/thumb/v7e-m+fp/hard\libgcc.a(_aeabi_ldivmod.o)
                              Drivers/STM32H7xx_HAL_Driver/stm32h7xx_hal_uart.o (__aeabi_ldivmod)
c:/program files (x86)/gnu arm embedded toolchain/10 2020-q4-major/bin/../lib/gcc/arm-none-eabi/10.2.1/thumb/v7e-m+fp/hard\libgcc.a(_aeabi_uldivmod.o)
                              Drivers/STM32H7xx_HAL_Driver/stm32h7xx_hal_uart.o (__aeabi_uldivmod)
c:/program files (x86)/gnu arm embedded toolchain/10 2020-q4-major/bin/../lib/gcc/arm-none-eabi/10.2.1/thumb/v7e-m+fp/hard\libgcc.a(_udivmoddi4.o)
                              c:/program files (x86)/gnu arm embedded toolchain/10 2020-q4-major/bin/../lib/gcc/arm-none-eabi/10.2.1/thumb/v7e-m+fp/hard\libgcc.a(_aeabi_ldivmod.o) (__udivmoddi4)
c:/program files (x86)/gnu arm embedded toolchain/10 2020-q4-major/bin/../lib/gcc/arm-none-eabi/10.2.1/thumb/v7e-m+fp/hard\libgcc.a(_dvmd_tls.o)
                              c:/program files (x86)/gnu arm embedded toolchain/10 2020-q4-major/bin/../lib/gcc/arm-none-eabi/10.2.1/thumb/v7e-m+fp/hard\libgcc.a(_aeabi_ldivmod.o) (__aeabi_ldiv0)

Discarded input sections

 .text          0x00000000        0x0 c:/program files (x86)/gnu arm embedded toolchain/10 2020-q4-major/bin/../lib/gcc/arm-none-eabi/10.2.1/thumb/v7e-m+fp/hard/crti.o
 .data          0x00000000        0x0 c:/program files (x86)/gnu arm embedded toolchain/10 2020-q4-major/bin/../lib/gcc/arm-none-eabi/10.2.1/thumb/v7e-m+fp/hard/crti.o
 .bss           0x00000000        0x0 c:/program files (x86)/gnu arm embedded toolchain/10 2020-q4-major/bin/../lib/gcc/arm-none-eabi/10.2.1/thumb/v7e-m+fp/hard/crti.o
 .data          0x00000000        0x4 c:/program files (x86)/gnu arm embedded toolchain/10 2020-q4-major/bin/../lib/gcc/arm-none-eabi/10.2.1/thumb/v7e-m+fp/hard/crtbegin.o
 .rodata        0x00000000       0x24 c:/program files (x86)/gnu arm embedded toolchain/10 2020-q4-major/bin/../lib/gcc/arm-none-eabi/10.2.1/thumb/v7e-m+fp/hard/crtbegin.o
 .text          0x00000000       0x7c c:/program files (x86)/gnu arm embedded toolchain/10 2020-q4-major/bin/../lib/gcc/arm-none-eabi/10.2.1/../../../../arm-none-eabi/lib/thumb/v7e-m+fp/hard/crt0.o
[...]
Memory Configuration

Name             Origin             Length             Attributes
FLASH            0x08100000         0x00100000         xr
RAM              0x10000000         0x00048000         xrw
RAM_D3           0x38000000         0x00010000         xrw
*default*        0x00000000         0xffffffff

Linker script and memory map

LOAD c:/program files (x86)/gnu arm embedded toolchain/10 2020-q4-major/bin/../lib/gcc/arm-none-eabi/10.2.1/thumb/v7e-m+fp/hard/crti.o
LOAD c:/program files (x86)/gnu arm embedded toolchain/10 2020-q4-major/bin/../lib/gcc/arm-none-eabi/10.2.1/thumb/v7e-m+fp/hard/crtbegin.o
LOAD c:/program files (x86)/gnu arm embedded toolchain/10 2020-q4-major/bin/../lib/gcc/arm-none-eabi/10.2.1/../../../../arm-none-eabi/lib/thumb/v7e-m+fp/hard/crt0.o
LOAD App/Src/stream_test.o
LOAD App/Src/usart.o
LOAD Common/Src/system_stm32h7xx_dualcore_boot_cm4_cm7.o
LOAD Core/Src/dma.o
LOAD Core/Src/gpio.o
LOAD Core/Src/main.o
LOAD Core/Src/stm32h7xx_hal_msp.o
LOAD Core/Src/stm32h7xx_it.o
LOAD Core/Src/syscalls.o
LOAD Core/Src/sysmem.o
LOAD Core/Src/usart.o
LOAD Core/Startup/startup_stm32h745zitx.o
LOAD Drivers/STM32H7xx_HAL_Driver/stm32h7xx_hal.o
LOAD Drivers/STM32H7xx_HAL_Driver/stm32h7xx_hal_cortex.o
LOAD Drivers/STM32H7xx_HAL_Driver/stm32h7xx_hal_dma.o
LOAD Drivers/STM32H7xx_HAL_Driver/stm32h7xx_hal_dma_ex.o
LOAD Drivers/STM32H7xx_HAL_Driver/stm32h7xx_hal_exti.o
LOAD Drivers/STM32H7xx_HAL_Driver/stm32h7xx_hal_flash.o
LOAD Drivers/STM32H7xx_HAL_Driver/stm32h7xx_hal_flash_ex.o
LOAD Drivers/STM32H7xx_HAL_Driver/stm32h7xx_hal_gpio.o
LOAD Drivers/STM32H7xx_HAL_Driver/stm32h7xx_hal_hsem.o
LOAD Drivers/STM32H7xx_HAL_Driver/stm32h7xx_hal_i2c.o
LOAD Drivers/STM32H7xx_HAL_Driver/stm32h7xx_hal_i2c_ex.o
LOAD Drivers/STM32H7xx_HAL_Driver/stm32h7xx_hal_mdma.o
LOAD Drivers/STM32H7xx_HAL_Driver/stm32h7xx_hal_pwr.o
LOAD Drivers/STM32H7xx_HAL_Driver/stm32h7xx_hal_pwr_ex.o
LOAD Drivers/STM32H7xx_HAL_Driver/stm32h7xx_hal_rcc.o
LOAD Drivers/STM32H7xx_HAL_Driver/stm32h7xx_hal_rcc_ex.o
LOAD Drivers/STM32H7xx_HAL_Driver/stm32h7xx_hal_tim.o
LOAD Drivers/STM32H7xx_HAL_Driver/stm32h7xx_hal_tim_ex.o
LOAD Drivers/STM32H7xx_HAL_Driver/stm32h7xx_hal_uart.o
LOAD Drivers/STM32H7xx_HAL_Driver/stm32h7xx_hal_uart_ex.o
START GROUP
LOAD c:/program files (x86)/gnu arm embedded toolchain/10 2020-q4-major/bin/../lib/gcc/arm-none-eabi/10.2.1/../../../../arm-none-eabi/lib/thumb/v7e-m+fp/hard\libstdc++_nano.a
LOAD c:/program files (x86)/gnu arm embedded toolchain/10 2020-q4-major/bin/../lib/gcc/arm-none-eabi/10.2.1/../../../../arm-none-eabi/lib/thumb/v7e-m+fp/hard\libsupc++_nano.a
END GROUP
LOAD c:/program files (x86)/gnu arm embedded toolchain/10 2020-q4-major/bin/../lib/gcc/arm-none-eabi/10.2.1/../../../../arm-none-eabi/lib/thumb/v7e-m+fp/hard\libstdc++_nano.a
LOAD c:/program files (x86)/gnu arm embedded toolchain/10 2020-q4-major/bin/../lib/gcc/arm-none-eabi/10.2.1/../../../../arm-none-eabi/lib/thumb/v7e-m+fp/hard\libm.a
LOAD c:/program files (x86)/gnu arm embedded toolchain/10 2020-q4-major/bin/../lib/gcc/arm-none-eabi/10.2.1/../../../../arm-none-eabi/lib/thumb/v7e-m+fp/hard\libc_nano.a
START GROUP
LOAD c:/program files (x86)/gnu arm embedded toolchain/10 2020-q4-major/bin/../lib/gcc/arm-none-eabi/10.2.1/thumb/v7e-m+fp/hard\libgcc.a
LOAD c:/program files (x86)/gnu arm embedded toolchain/10 2020-q4-major/bin/../lib/gcc/arm-none-eabi/10.2.1/../../../../arm-none-eabi/lib/thumb/v7e-m+fp/hard\libc_nano.a
END GROUP
START GROUP
LOAD c:/program files (x86)/gnu arm embedded toolchain/10 2020-q4-major/bin/../lib/gcc/arm-none-eabi/10.2.1/thumb/v7e-m+fp/hard\libgcc.a
LOAD c:/program files (x86)/gnu arm embedded toolchain/10 2020-q4-major/bin/../lib/gcc/arm-none-eabi/10.2.1/../../../../arm-none-eabi/lib/thumb/v7e-m+fp/hard\libc_nano.a
LOAD c:/program files (x86)/gnu arm embedded toolchain/10 2020-q4-major/bin/../lib/gcc/arm-none-eabi/10.2.1/../../../../arm-none-eabi/lib/thumb/v7e-m+fp/hard\libnosys.a
END GROUP
START GROUP
LOAD c:/program files (x86)/gnu arm embedded toolchain/10 2020-q4-major/bin/../lib/gcc/arm-none-eabi/10.2.1/thumb/v7e-m+fp/hard\libgcc.a
LOAD c:/program files (x86)/gnu arm embedded toolchain/10 2020-q4-major/bin/../lib/gcc/arm-none-eabi/10.2.1/../../../../arm-none-eabi/lib/thumb/v7e-m+fp/hard\libc_nano.a
LOAD c:/program files (x86)/gnu arm embedded toolchain/10 2020-q4-major/bin/../lib/gcc/arm-none-eabi/10.2.1/../../../../arm-none-eabi/lib/thumb/v7e-m+fp/hard\libnosys.a
END GROUP
LOAD c:/program files (x86)/gnu arm embedded toolchain/10 2020-q4-major/bin/../lib/gcc/arm-none-eabi/10.2.1/thumb/v7e-m+fp/hard/crtend.o
LOAD c:/program files (x86)/gnu arm embedded toolchain/10 2020-q4-major/bin/../lib/gcc/arm-none-eabi/10.2.1/thumb/v7e-m+fp/hard/crtn.o
                0x10048000                _estack = 0x10048000
                0x00000200                _Min_Heap_Size = 0x200
                0x00000400                _Min_Stack_Size = 0x400

.isr_vector     0x08100000      0x298
                0x08100000                . = ALIGN (0x4)
 *(.isr_vector)
 .isr_vector    0x08100000      0x298 Core/Startup/startup_stm32h745zitx.o
                0x08100000                g_pfnVectors
                0x08100298                . = ALIGN (0x4)

.text           0x08100298     0x3e34
                0x08100298                . = ALIGN (0x4)
 *(.text)
 .text          0x08100298       0x40 c:/program files (x86)/gnu arm embedded toolchain/10 2020-q4-major/bin/../lib/gcc/arm-none-eabi/10.2.1/thumb/v7e-m+fp/hard/crtbegin.o
 .text          0x081002d8       0x10 c:/program files (x86)/gnu arm embedded toolchain/10 2020-q4-major/bin/../lib/gcc/arm-none-eabi/10.2.1/../../../../arm-none-eabi/lib/thumb/v7e-m+fp/hard\libc_nano.a(lib_a-strlen.o)
                0x081002d8                strlen
 .text          0x081002e8       0x30 c:/program files (x86)/gnu arm embedded toolchain/10 2020-q4-major/bin/../lib/gcc/arm-none-eabi/10.2.1/thumb/v7e-m+fp/hard\libgcc.a(_aeabi_uldivmod.o)
                0x081002e8                __aeabi_uldivmod
 .text          0x08100318      0x2d0 c:/program files (x86)/gnu arm embedded toolchain/10 2020-q4-major/bin/../lib/gcc/arm-none-eabi/10.2.1/thumb/v7e-m+fp/hard\libgcc.a(_udivmoddi4.o)
                0x08100318                __udivmoddi4
 .text          0x081005e8        0x4 c:/program files (x86)/gnu arm embedded toolchain/10 2020-q4-major/bin/../lib/gcc/arm-none-eabi/10.2.1/thumb/v7e-m+fp/hard\libgcc.a(_dvmd_tls.o)
                0x081005e8                __aeabi_idiv0
                0x081005e8                __aeabi_ldiv0
 *(.text*)
 .text._ZN10NumConvert9divmodu10ImEE10divmod10_tIT_ERKS2_.isra.0
                0x081005ec       0x34 App/Src/stream_test.o
 .text._ZN10NumConvert10ftoaEngineEfPci
                0x08100620       0xfc App/Src/stream_test.o
                0x08100620                NumConvert::ftoaEngine(float, char*, int)
 .text._ZN10NumConvert15to_string_floatEfPc
                0x0810071c      0x160 App/Src/stream_test.o
                0x0810071c                NumConvert::to_string_float(float, char*)
 .text._ZN10StreamBaseI12BusInterfaceI4UartIL7BusMode2EEELc32EElsIcEERS5_T_
                0x0810087c        0xc App/Src/stream_test.o
                0x0810087c                StreamBase<BusInterface<Uart<(BusMode)2> >, (char)32>& StreamBase<BusInterface<Uart<(BusMode)2> >, (char)32>::operator<< <char>(char)
 .text._ZN10StreamBaseI12BusInterfaceI4UartIL7BusMode2EEELc32EElsIfEERS5_T_
                0x08100888       0x1a App/Src/stream_test.o
                0x08100888                StreamBase<BusInterface<Uart<(BusMode)2> >, (char)32>& StreamBase<BusInterface<Uart<(BusMode)2> >, (char)32>::operator<< <float>(float)
 .text._ZSt4prevIN9__gnu_cxx17__normal_iteratorIPcSt4spanIcLj4294967295EEEEET_S6_NSt15iterator_traitsIS6_E15difference_typeE
                0x081008a2        0x4 App/Src/stream_test.o
                0x081008a2                __gnu_cxx::__normal_iterator<char*, std::span<char, 4294967295u> > std::prev<__gnu_cxx::__normal_iterator<char*, std::span<char, 4294967295u> > >(__gnu_cxx::__normal_iterator<char*, std::span<char, 4294967295u> >, std::iterator_traits<__gnu_cxx::__normal_iterator<char*, std::span<char, 4294967295u> > >::difference_type)
 *fill*         0x081008a6        0x2 
 .text.test     0x081008a8      0x1c8 App/Src/stream_test.o
                0x081008a8                test
 .text._ZN7UartIrq4testE7IrqMask
                0x08100a70       0x30 App/Src/usart.o
                0x08100a70                UartIrq::test(IrqMask)
 .text.HAL_UART_TxCpltCallback
                0x08100aa0       0x20 App/Src/usart.o
                0x08100aa0                HAL_UART_TxCpltCallback
 .text.HAL_UART_TxHalfCpltCallback
                0x08100ac0       0x20 App/Src/usart.o
                0x08100ac0                HAL_UART_TxHalfCpltCallback
 .text.HAL_UART_ErrorCallback
                0x08100ae0        0x2 App/Src/usart.o
                0x08100ae0                HAL_UART_ErrorCallback
 *fill*         0x08100ae2        0x2 
 .text.SystemInit
                0x08100ae4       0x24 Common/Src/system_stm32h7xx_dualcore_boot_cm4_cm7.o
                0x08100ae4                SystemInit
 .text.MX_DMA_Init
                0x08100b08       0x38 Core/Src/dma.o
                0x08100b08                MX_DMA_Init
 .text.MX_GPIO_Init
                0x08100b40       0x24 Core/Src/gpio.o
                0x08100b40                MX_GPIO_Init
 .text.startup.main
                0x08100b64       0x84 Core/Src/main.o
                0x08100b64                main
 .text.Error_Handler
                0x08100be8        0x4 Core/Src/main.o
                0x08100be8                Error_Handler
 .text.HAL_MspInit
                0x08100bec       0x24 Core/Src/stm32h7xx_hal_msp.o
                0x08100bec                HAL_MspInit
 .text.NMI_Handler
                0x08100c10        0x2 Core/Src/stm32h7xx_it.o
                0x08100c10                NMI_Handler
 .text.HardFault_Handler
                0x08100c12        0x2 Core/Src/stm32h7xx_it.o
                0x08100c12                HardFault_Handler
 .text.MemManage_Handler
                0x08100c14        0x2 Core/Src/stm32h7xx_it.o
                0x08100c14                MemManage_Handler
 .text.BusFault_Handler
                0x08100c16        0x2 Core/Src/stm32h7xx_it.o
                0x08100c16                BusFault_Handler
 .text.UsageFault_Handler
                0x08100c18        0x2 Core/Src/stm32h7xx_it.o
                0x08100c18                UsageFault_Handler
 .text.SVC_Handler
                0x08100c1a        0x2 Core/Src/stm32h7xx_it.o
                0x08100c1a                SVC_Handler
 .text.DebugMon_Handler
                0x08100c1c        0x2 Core/Src/stm32h7xx_it.o
                0x08100c1c                DebugMon_Handler
 .text.PendSV_Handler
                0x08100c1e        0x2 Core/Src/stm32h7xx_it.o
                0x08100c1e                PendSV_Handler
 .text.SysTick_Handler
                0x08100c20        0x4 Core/Src/stm32h7xx_it.o
                0x08100c20                SysTick_Handler
 .text.DMA1_Stream0_IRQHandler
                0x08100c24        0xc Core/Src/stm32h7xx_it.o
                0x08100c24                DMA1_Stream0_IRQHandler
 .text.USART3_IRQHandler
                0x08100c30        0xc Core/Src/stm32h7xx_it.o
                0x08100c30                USART3_IRQHandler
 .text.MX_USART3_UART_Init
                0x08100c3c       0x64 Core/Src/usart.o
                0x08100c3c                MX_USART3_UART_Init
 .text.HAL_UART_MspInit
                0x08100ca0       0xd8 Core/Src/usart.o
                0x08100ca0                HAL_UART_MspInit
 .text.Reset_Handler
                0x08100d78       0x50 Core/Startup/startup_stm32h745zitx.o
                0x08100d78                Reset_Handler
 .text.Default_Handler
                0x08100dc8        0x2 Core/Startup/startup_stm32h745zitx.o
                0x08100dc8                RTC_Alarm_IRQHandler
                0x08100dc8                EXTI2_IRQHandler
                0x08100dc8                TIM8_CC_IRQHandler
                0x08100dc8                HRTIM1_Master_IRQHandler
                0x08100dc8                UART8_IRQHandler
                0x08100dc8                SPI4_IRQHandler
                0x08100dc8                TIM1_CC_IRQHandler
                0x08100dc8                BDMA_Channel6_IRQHandler
                0x08100dc8                DMA2_Stream5_IRQHandler
                0x08100dc8                HRTIM1_FLT_IRQHandler
                0x08100dc8                JPEG_IRQHandler
                0x08100dc8                DMA1_Stream5_IRQHandler
                0x08100dc8                BDMA_Channel1_IRQHandler
                0x08100dc8                HRTIM1_TIMD_IRQHandler
                0x08100dc8                TAMP_STAMP_IRQHandler
                0x08100dc8                EXTI3_IRQHandler
                0x08100dc8                LPTIM4_IRQHandler
                0x08100dc8                TIM8_TRG_COM_TIM14_IRQHandler
                0x08100dc8                LPTIM2_IRQHandler
                0x08100dc8                DFSDM1_FLT1_IRQHandler
                0x08100dc8                DMAMUX2_OVR_IRQHandler
                0x08100dc8                TIM8_UP_TIM13_IRQHandler
                0x08100dc8                I2C3_ER_IRQHandler
                0x08100dc8                DFSDM1_FLT2_IRQHandler
                0x08100dc8                MDMA_IRQHandler
                0x08100dc8                LPTIM3_IRQHandler
                0x08100dc8                HSEM1_IRQHandler
                0x08100dc8                EXTI0_IRQHandler
                0x08100dc8                I2C2_EV_IRQHandler
                0x08100dc8                DMA1_Stream2_IRQHandler
                0x08100dc8                FPU_IRQHandler
                0x08100dc8                OTG_HS_WKUP_IRQHandler
                0x08100dc8                FDCAN1_IT1_IRQHandler
                0x08100dc8                LTDC_ER_IRQHandler
                0x08100dc8                DMA2_Stream2_IRQHandler
                0x08100dc8                HRTIM1_TIME_IRQHandler
                0x08100dc8                SPI1_IRQHandler
                0x08100dc8                TIM6_DAC_IRQHandler
                0x08100dc8                DCMI_IRQHandler
                0x08100dc8                HRTIM1_TIMC_IRQHandler
                0x08100dc8                DMA2_Stream3_IRQHandler
                0x08100dc8                SAI2_IRQHandler
                0x08100dc8                DFSDM1_FLT3_IRQHandler
                0x08100dc8                USART6_IRQHandler
                0x08100dc8                TIM17_IRQHandler
                0x08100dc8                BDMA_Channel7_IRQHandler
                0x08100dc8                LPTIM5_IRQHandler
                0x08100dc8                UART5_IRQHandler
                0x08100dc8                ADC3_IRQHandler
                0x08100dc8                DMA2_Stream0_IRQHandler
                0x08100dc8                TIM4_IRQHandler
                0x08100dc8                BDMA_Channel2_IRQHandler
                0x08100dc8                QUADSPI_IRQHandler
                0x08100dc8                I2C1_EV_IRQHandler
                0x08100dc8                DMA1_Stream6_IRQHandler
                0x08100dc8                DMAMUX1_OVR_IRQHandler
                0x08100dc8                DMA1_Stream1_IRQHandler
                0x08100dc8                TIM16_IRQHandler
                0x08100dc8                UART4_IRQHandler
                0x08100dc8                BDMA_Channel5_IRQHandler
                0x08100dc8                TIM3_IRQHandler
                0x08100dc8                RCC_IRQHandler
                0x08100dc8                TIM8_BRK_TIM12_IRQHandler
                0x08100dc8                TIM1_TRG_COM_IRQHandler
                0x08100dc8                Default_Handler
                0x08100dc8                ECC_IRQHandler
                0x08100dc8                CEC_IRQHandler
                0x08100dc8                EXTI15_10_IRQHandler
                0x08100dc8                BDMA_Channel0_IRQHandler
                0x08100dc8                ADC_IRQHandler
                0x08100dc8                DMA1_Stream7_IRQHandler
                0x08100dc8                HRTIM1_TIMA_IRQHandler
                0x08100dc8                SPI5_IRQHandler
                0x08100dc8                TIM7_IRQHandler
                0x08100dc8                SDMMC1_IRQHandler
                0x08100dc8                TIM5_IRQHandler
                0x08100dc8                DMA2_Stream7_IRQHandler
                0x08100dc8                TIM15_IRQHandler
                0x08100dc8                PVD_AVD_IRQHandler
                0x08100dc8                I2C3_EV_IRQHandler
                0x08100dc8                EXTI9_5_IRQHandler
                0x08100dc8                RTC_WKUP_IRQHandler
                0x08100dc8                LTDC_IRQHandler
                0x08100dc8                SAI3_IRQHandler
                0x08100dc8                ETH_WKUP_IRQHandler
                0x08100dc8                SPDIF_RX_IRQHandler
                0x08100dc8                SPI2_IRQHandler
                0x08100dc8                OTG_HS_EP1_IN_IRQHandler
                0x08100dc8                CRS_IRQHandler
                0x08100dc8                CM7_SEV_IRQHandler
                0x08100dc8                EXTI4_IRQHandler
                0x08100dc8                RNG_IRQHandler
                0x08100dc8                CM4_SEV_IRQHandler
                0x08100dc8                HRTIM1_TIMB_IRQHandler
                0x08100dc8                FDCAN2_IT1_IRQHandler
                0x08100dc8                ETH_IRQHandler
                0x08100dc8                TIM1_UP_IRQHandler
                0x08100dc8                WWDG_RST_IRQHandler
                0x08100dc8                BDMA_Channel4_IRQHandler
                0x08100dc8                OTG_HS_EP1_OUT_IRQHandler
                0x08100dc8                WWDG_IRQHandler
                0x08100dc8                SPI6_IRQHandler
                0x08100dc8                MDIOS_IRQHandler
                0x08100dc8                I2C4_EV_IRQHandler
                0x08100dc8                FDCAN2_IT0_IRQHandler
                0x08100dc8                LPUART1_IRQHandler
                0x08100dc8                FDCAN1_IT0_IRQHandler
                0x08100dc8                TIM2_IRQHandler
                0x08100dc8                OTG_FS_WKUP_IRQHandler
                0x08100dc8                OTG_HS_IRQHandler
                0x08100dc8                HSEM2_IRQHandler
                0x08100dc8                DMA2D_IRQHandler
                0x08100dc8                TIM1_BRK_IRQHandler
                0x08100dc8                EXTI1_IRQHandler
                0x08100dc8                SDMMC2_IRQHandler
                0x08100dc8                OTG_FS_EP1_OUT_IRQHandler
                0x08100dc8                BDMA_Channel3_IRQHandler
                0x08100dc8                HOLD_CORE_IRQHandler
                0x08100dc8                UART7_IRQHandler
                0x08100dc8                MDIOS_WKUP_IRQHandler
                0x08100dc8                USART2_IRQHandler
                0x08100dc8                DFSDM1_FLT0_IRQHandler
                0x08100dc8                SAI4_IRQHandler
                0x08100dc8                I2C2_ER_IRQHandler
                0x08100dc8                DMA2_Stream1_IRQHandler
                0x08100dc8                FLASH_IRQHandler
                0x08100dc8                DMA2_Stream4_IRQHandler
                0x08100dc8                USART1_IRQHandler
                0x08100dc8                OTG_FS_IRQHandler
                0x08100dc8                SPI3_IRQHandler
                0x08100dc8                WAKEUP_PIN_IRQHandler
                0x08100dc8                DMA1_Stream4_IRQHandler
                0x08100dc8                OTG_FS_EP1_IN_IRQHandler
                0x08100dc8                I2C1_ER_IRQHandler
                0x08100dc8                FMC_IRQHandler
                0x08100dc8                FDCAN_CAL_IRQHandler
                0x08100dc8                SWPMI1_IRQHandler
                0x08100dc8                COMP1_IRQHandler
                0x08100dc8                LPTIM1_IRQHandler
                0x08100dc8                I2C4_ER_IRQHandler
                0x08100dc8                DMA2_Stream6_IRQHandler
                0x08100dc8                SAI1_IRQHandler
                0x08100dc8                DMA1_Stream3_IRQHandler
 *fill*         0x08100dca        0x2 
 .text.HAL_InitTick
                0x08100dcc       0x4c Drivers/STM32H7xx_HAL_Driver/stm32h7xx_hal.o
                0x08100dcc                HAL_InitTick
 .text.HAL_Init
                0x08100e18       0x9c Drivers/STM32H7xx_HAL_Driver/stm32h7xx_hal.o
                0x08100e18                HAL_Init
 .text.HAL_IncTick
                0x08100eb4       0x18 Drivers/STM32H7xx_HAL_Driver/stm32h7xx_hal.o
                0x08100eb4                HAL_IncTick
 .text.HAL_GetTick
                0x08100ecc        0xc Drivers/STM32H7xx_HAL_Driver/stm32h7xx_hal.o
                0x08100ecc                HAL_GetTick
 .text.HAL_Delay
                0x08100ed8       0x28 Drivers/STM32H7xx_HAL_Driver/stm32h7xx_hal.o
                0x08100ed8                HAL_Delay
 .text.HAL_NVIC_SetPriorityGrouping
                0x08100f00       0x24 Drivers/STM32H7xx_HAL_Driver/stm32h7xx_hal_cortex.o
                0x08100f00                HAL_NVIC_SetPriorityGrouping
 .text.HAL_NVIC_SetPriority
                0x08100f24       0x64 Drivers/STM32H7xx_HAL_Driver/stm32h7xx_hal_cortex.o
                0x08100f24                HAL_NVIC_SetPriority
 .text.HAL_NVIC_EnableIRQ
                0x08100f88       0x1c Drivers/STM32H7xx_HAL_Driver/stm32h7xx_hal_cortex.o
                0x08100f88                HAL_NVIC_EnableIRQ
 .text.HAL_SYSTICK_Config
                0x08100fa4       0x28 Drivers/STM32H7xx_HAL_Driver/stm32h7xx_hal_cortex.o
                0x08100fa4                HAL_SYSTICK_Config
 .text.HAL_GetCurrentCPUID
                0x08100fcc       0x18 Drivers/STM32H7xx_HAL_Driver/stm32h7xx_hal_cortex.o
                0x08100fcc                HAL_GetCurrentCPUID
 .text.DMA_SetConfig
                0x08100fe4      0x180 Drivers/STM32H7xx_HAL_Driver/stm32h7xx_hal_dma.o
 .text.DMA_CalcBaseAndBitshift
                0x08101164       0x9c Drivers/STM32H7xx_HAL_Driver/stm32h7xx_hal_dma.o
 .text.DMA_CalcDMAMUXChannelBaseAndMask
                0x08101200       0x90 Drivers/STM32H7xx_HAL_Driver/stm32h7xx_hal_dma.o
 .text.DMA_CalcDMAMUXRequestGenBaseAndMask
                0x08101290       0x70 Drivers/STM32H7xx_HAL_Driver/stm32h7xx_hal_dma.o
 .text.HAL_DMA_Init
                0x08101300      0x384 Drivers/STM32H7xx_HAL_Driver/stm32h7xx_hal_dma.o
                0x08101300                HAL_DMA_Init
 .text.HAL_DMA_Start_IT
                0x08101684      0x238 Drivers/STM32H7xx_HAL_Driver/stm32h7xx_hal_dma.o
                0x08101684                HAL_DMA_Start_IT
 .text.HAL_DMA_Abort
                0x081018bc      0x358 Drivers/STM32H7xx_HAL_Driver/stm32h7xx_hal_dma.o
                0x081018bc                HAL_DMA_Abort
 .text.HAL_DMA_Abort_IT
                0x08101c14      0x168 Drivers/STM32H7xx_HAL_Driver/stm32h7xx_hal_dma.o
                0x08101c14                HAL_DMA_Abort_IT
 .text.HAL_DMA_IRQHandler
                0x08101d7c      0x550 Drivers/STM32H7xx_HAL_Driver/stm32h7xx_hal_dma.o
                0x08101d7c                HAL_DMA_IRQHandler
 .text.HAL_GPIO_Init
                0x081022cc      0x1d4 Drivers/STM32H7xx_HAL_Driver/stm32h7xx_hal_gpio.o
                0x081022cc                HAL_GPIO_Init
 .text.HAL_HSEM_ActivateNotification
                0x081024a0       0x10 Drivers/STM32H7xx_HAL_Driver/stm32h7xx_hal_hsem.o
                0x081024a0                HAL_HSEM_ActivateNotification
 .text.HAL_PWREx_EnterSTOPMode
                0x081024b0       0x84 Drivers/STM32H7xx_HAL_Driver/stm32h7xx_hal_pwr_ex.o
                0x081024b0                HAL_PWREx_EnterSTOPMode
 .text.HAL_PWREx_ClearPendingEvent
                0x08102534       0x12 Drivers/STM32H7xx_HAL_Driver/stm32h7xx_hal_pwr_ex.o
                0x08102534                HAL_PWREx_ClearPendingEvent
 *fill*         0x08102546        0x2 
 .text.HAL_RCC_GetSysClockFreq
                0x08102548      0x140 Drivers/STM32H7xx_HAL_Driver/stm32h7xx_hal_rcc.o
                0x08102548                HAL_RCC_GetSysClockFreq
 .text.HAL_RCC_GetHCLKFreq
                0x08102688       0x40 Drivers/STM32H7xx_HAL_Driver/stm32h7xx_hal_rcc.o
                0x08102688                HAL_RCC_GetHCLKFreq
 .text.HAL_RCC_GetPCLK1Freq
                0x081026c8       0x24 Drivers/STM32H7xx_HAL_Driver/stm32h7xx_hal_rcc.o
                0x081026c8                HAL_RCC_GetPCLK1Freq
 .text.HAL_RCC_GetPCLK2Freq
                0x081026ec       0x24 Drivers/STM32H7xx_HAL_Driver/stm32h7xx_hal_rcc.o
                0x081026ec                HAL_RCC_GetPCLK2Freq
 .text.RCCEx_PLL2_Config
                0x08102710       0xf0 Drivers/STM32H7xx_HAL_Driver/stm32h7xx_hal_rcc_ex.o
 .text.RCCEx_PLL3_Config
                0x08102800       0xf0 Drivers/STM32H7xx_HAL_Driver/stm32h7xx_hal_rcc_ex.o
 .text.HAL_RCCEx_PeriphCLKConfig
                0x081028f0      0x96c Drivers/STM32H7xx_HAL_Driver/stm32h7xx_hal_rcc_ex.o
                0x081028f0                HAL_RCCEx_PeriphCLKConfig
 .text.HAL_RCCEx_GetD3PCLK1Freq
                0x0810325c       0x24 Drivers/STM32H7xx_HAL_Driver/stm32h7xx_hal_rcc_ex.o
                0x0810325c                HAL_RCCEx_GetD3PCLK1Freq
 .text.HAL_RCCEx_GetPLL2ClockFreq
                0x08103280      0x150 Drivers/STM32H7xx_HAL_Driver/stm32h7xx_hal_rcc_ex.o
                0x08103280                HAL_RCCEx_GetPLL2ClockFreq
 .text.HAL_RCCEx_GetPLL3ClockFreq
                0x081033d0      0x150 Drivers/STM32H7xx_HAL_Driver/stm32h7xx_hal_rcc_ex.o
                0x081033d0                HAL_RCCEx_GetPLL3ClockFreq
 .text.UART_EndRxTransfer
                0x08103520       0x32 Drivers/STM32H7xx_HAL_Driver/stm32h7xx_hal_uart.o
 *fill*         0x08103552        0x2 
 .text.HAL_UART_Transmit_DMA
                0x08103554       0x94 Drivers/STM32H7xx_HAL_Driver/stm32h7xx_hal_uart.o
                0x08103554                HAL_UART_Transmit_DMA
 .text.UART_DMATransmitCplt
                0x081035e8       0x2e Drivers/STM32H7xx_HAL_Driver/stm32h7xx_hal_uart.o
 .text.UART_DMATxHalfCplt
                0x08103616        0xa Drivers/STM32H7xx_HAL_Driver/stm32h7xx_hal_uart.o
 .text.UART_DMAError
                0x08103620       0x5a Drivers/STM32H7xx_HAL_Driver/stm32h7xx_hal_uart.o
 .text.UART_DMAAbortOnError
                0x0810367a       0x14 Drivers/STM32H7xx_HAL_Driver/stm32h7xx_hal_uart.o
 .text.HAL_UARTEx_RxEventCallback
                0x0810368e        0x2 Drivers/STM32H7xx_HAL_Driver/stm32h7xx_hal_uart.o
                0x0810368e                HAL_UARTEx_RxEventCallback
 .text.HAL_UART_IRQHandler
                0x08103690      0x2c4 Drivers/STM32H7xx_HAL_Driver/stm32h7xx_hal_uart.o
                0x08103690                HAL_UART_IRQHandler
 .text.UART_SetConfig
                0x08103954      0x3a0 Drivers/STM32H7xx_HAL_Driver/stm32h7xx_hal_uart.o
                0x08103954                UART_SetConfig
 .text.UART_AdvFeatureConfig
                0x08103cf4       0xa8 Drivers/STM32H7xx_HAL_Driver/stm32h7xx_hal_uart.o
                0x08103cf4                UART_AdvFeatureConfig
 .text.UART_WaitOnFlagUntilTimeout
                0x08103d9c       0x94 Drivers/STM32H7xx_HAL_Driver/stm32h7xx_hal_uart.o
                0x08103d9c                UART_WaitOnFlagUntilTimeout
 .text.UART_CheckIdleState
                0x08103e30       0x6a Drivers/STM32H7xx_HAL_Driver/stm32h7xx_hal_uart.o
                0x08103e30                UART_CheckIdleState
 .text.HAL_UART_Init
                0x08103e9a       0x60 Drivers/STM32H7xx_HAL_Driver/stm32h7xx_hal_uart.o
                0x08103e9a                HAL_UART_Init
 *fill*         0x08103efa        0x2 
 .text.UARTEx_SetNbDataToProcess
                0x08103efc       0x44 Drivers/STM32H7xx_HAL_Driver/stm32h7xx_hal_uart_ex.o
 .text.HAL_UARTEx_WakeupCallback
                0x08103f40        0x2 Drivers/STM32H7xx_HAL_Driver/stm32h7xx_hal_uart_ex.o
                0x08103f40                HAL_UARTEx_WakeupCallback
 .text.HAL_UARTEx_RxFifoFullCallback
                0x08103f42        0x2 Drivers/STM32H7xx_HAL_Driver/stm32h7xx_hal_uart_ex.o
                0x08103f42                HAL_UARTEx_RxFifoFullCallback
 .text.HAL_UARTEx_TxFifoEmptyCallback
                0x08103f44        0x2 Drivers/STM32H7xx_HAL_Driver/stm32h7xx_hal_uart_ex.o
                0x08103f44                HAL_UARTEx_TxFifoEmptyCallback
 .text.HAL_UARTEx_DisableFifoMode
                0x08103f46       0x36 Drivers/STM32H7xx_HAL_Driver/stm32h7xx_hal_uart_ex.o
                0x08103f46                HAL_UARTEx_DisableFifoMode
 .text.HAL_UARTEx_SetTxFifoThreshold
                0x08103f7c       0x48 Drivers/STM32H7xx_HAL_Driver/stm32h7xx_hal_uart_ex.o
                0x08103f7c                HAL_UARTEx_SetTxFifoThreshold
 .text.HAL_UARTEx_SetRxFifoThreshold
                0x08103fc4       0x48 Drivers/STM32H7xx_HAL_Driver/stm32h7xx_hal_uart_ex.o
                0x08103fc4                HAL_UARTEx_SetRxFifoThreshold
 .text.__libc_init_array
                0x0810400c       0x48 c:/program files (x86)/gnu arm embedded toolchain/10 2020-q4-major/bin/../lib/gcc/arm-none-eabi/10.2.1/../../../../arm-none-eabi/lib/thumb/v7e-m+fp/hard\libc_nano.a(lib_a-init.o)
                0x0810400c                __libc_init_array
 .text.memcpy   0x08104054       0x1c c:/program files (x86)/gnu arm embedded toolchain/10 2020-q4-major/bin/../lib/gcc/arm-none-eabi/10.2.1/../../../../arm-none-eabi/lib/thumb/v7e-m+fp/hard\libc_nano.a(lib_a-memcpy-stub.o)
                0x08104054                memcpy
 .text.memmove  0x08104070       0x34 c:/program files (x86)/gnu arm embedded toolchain/10 2020-q4-major/bin/../lib/gcc/arm-none-eabi/10.2.1/../../../../arm-none-eabi/lib/thumb/v7e-m+fp/hard\libc_nano.a(lib_a-memmove.o)
                0x08104070                memmove
 .text.memset   0x081040a4       0x10 c:/program files (x86)/gnu arm embedded toolchain/10 2020-q4-major/bin/../lib/gcc/arm-none-eabi/10.2.1/../../../../arm-none-eabi/lib/thumb/v7e-m+fp/hard\libc_nano.a(lib_a-memset.o)
                0x081040a4                memset
 *(.glue_7)
 .glue_7        0x081040b4        0x0 linker stubs
 *(.glue_7t)
 .glue_7t       0x081040b4        0x0 linker stubs
 *(.eh_frame)
 .eh_frame      0x081040b4        0x0 c:/program files (x86)/gnu arm embedded toolchain/10 2020-q4-major/bin/../lib/gcc/arm-none-eabi/10.2.1/thumb/v7e-m+fp/hard/crtbegin.o
 *(.init)
 .init          0x081040b4        0x4 c:/program files (x86)/gnu arm embedded toolchain/10 2020-q4-major/bin/../lib/gcc/arm-none-eabi/10.2.1/thumb/v7e-m+fp/hard/crti.o
                0x081040b4                _init
 .init          0x081040b8        0x8 c:/program files (x86)/gnu arm embedded toolchain/10 2020-q4-major/bin/../lib/gcc/arm-none-eabi/10.2.1/thumb/v7e-m+fp/hard/crtn.o
 *(.fini)
 .fini          0x081040c0        0x4 c:/program files (x86)/gnu arm embedded toolchain/10 2020-q4-major/bin/../lib/gcc/arm-none-eabi/10.2.1/thumb/v7e-m+fp/hard/crti.o
                0x081040c0                _fini
 .fini          0x081040c4        0x8 c:/program files (x86)/gnu arm embedded toolchain/10 2020-q4-major/bin/../lib/gcc/arm-none-eabi/10.2.1/thumb/v7e-m+fp/hard/crtn.o
                0x081040cc                . = ALIGN (0x4)
                0x081040cc                _etext = .

.vfp11_veneer   0x081040cc        0x0
 .vfp11_veneer  0x081040cc        0x0 linker stubs

.v4_bx          0x081040cc        0x0
 .v4_bx         0x081040cc        0x0 linker stubs

.iplt           0x081040cc        0x0
 .iplt          0x081040cc        0x0 c:/program files (x86)/gnu arm embedded toolchain/10 2020-q4-major/bin/../lib/gcc/arm-none-eabi/10.2.1/thumb/v7e-m+fp/hard/crtbegin.o

.rodata         0x081040cc      0x140
                0x081040cc                . = ALIGN (0x4)
 *(.rodata)
 .rodata        0x081040cc       0x18 App/Src/stream_test.o
 *(.rodata*)
 .rodata.test.str1.1
                0x081040e4       0x2f App/Src/stream_test.o
 *fill*         0x08104113        0x1 
 .rodata._ZL6table2
                0x08104114       0x80 App/Src/stream_test.o
 .rodata.D1CorePrescTable
                0x08104194       0x10 Common/Src/system_stm32h7xx_dualcore_boot_cm4_cm7.o
                0x08104194                D1CorePrescTable
 .rodata.flagBitshiftOffset.0
                0x081041a4        0x8 Drivers/STM32H7xx_HAL_Driver/stm32h7xx_hal_dma.o
 .rodata.CSWTCH.59
                0x081041ac       0x29 Drivers/STM32H7xx_HAL_Driver/stm32h7xx_hal_uart.o
 .rodata.CSWTCH.60
                0x081041d5        0x6 Drivers/STM32H7xx_HAL_Driver/stm32h7xx_hal_uart.o
 .rodata.CSWTCH.67
                0x081041db        0x6 Drivers/STM32H7xx_HAL_Driver/stm32h7xx_hal_uart.o
 *fill*         0x081041e1        0x1 
 .rodata.UARTPrescTable
                0x081041e2       0x18 Drivers/STM32H7xx_HAL_Driver/stm32h7xx_hal_uart.o
                0x081041e2                UARTPrescTable
 .rodata.denominator.0
                0x081041fa        0x8 Drivers/STM32H7xx_HAL_Driver/stm32h7xx_hal_uart_ex.o
 .rodata.numerator.1
                0x08104202        0x8 Drivers/STM32H7xx_HAL_Driver/stm32h7xx_hal_uart_ex.o
                0x0810420c                . = ALIGN (0x4)
 *fill*         0x0810420a        0x2 

.ARM.extab
 *(.ARM.extab* .gnu.linkonce.armextab.*)

.ARM            0x0810420c        0x8
                0x0810420c                __exidx_start = .
 *(.ARM.exidx*)
 .ARM.exidx     0x0810420c        0x8 c:/program files (x86)/gnu arm embedded toolchain/10 2020-q4-major/bin/../lib/gcc/arm-none-eabi/10.2.1/thumb/v7e-m+fp/hard\libgcc.a(_udivmoddi4.o)
                0x08104214                __exidx_end = .

.rel.dyn        0x08104214        0x0
 .rel.iplt      0x08104214        0x0 c:/program files (x86)/gnu arm embedded toolchain/10 2020-q4-major/bin/../lib/gcc/arm-none-eabi/10.2.1/thumb/v7e-m+fp/hard/crtbegin.o

.preinit_array  0x08104214        0x0
                0x08104214                PROVIDE (__preinit_array_start = .)
 *(.preinit_array*)
                0x08104214                PROVIDE (__preinit_array_end = .)

.init_array     0x08104214        0x4
                0x08104214                PROVIDE (__init_array_start = .)
 *(SORT_BY_NAME(.init_array.*))
 *(.init_array*)
 .init_array    0x08104214        0x4 c:/program files (x86)/gnu arm embedded toolchain/10 2020-q4-major/bin/../lib/gcc/arm-none-eabi/10.2.1/thumb/v7e-m+fp/hard/crtbegin.o
                0x08104218                PROVIDE (__init_array_end = .)

.fini_array     0x08104218        0x4
                [!provide]                PROVIDE (__fini_array_start = .)
 *(SORT_BY_NAME(.fini_array.*))
 *(.fini_array*)
 .fini_array    0x08104218        0x4 c:/program files (x86)/gnu arm embedded toolchain/10 2020-q4-major/bin/../lib/gcc/arm-none-eabi/10.2.1/thumb/v7e-m+fp/hard/crtbegin.o
                [!provide]                PROVIDE (__fini_array_end = .)
                0x0810421c                _sidata = LOADADDR (.data)

.data           0x10000000       0x14 load address 0x0810421c
                0x10000000                . = ALIGN (0x4)
                0x10000000                _sdata = .
 *(.data)
 *(.data*)
 .data._ZL4flag
                0x10000000        0x4 App/Src/usart.o
 .data.SystemCoreClock
                0x10000004        0x4 Common/Src/system_stm32h7xx_dualcore_boot_cm4_cm7.o
                0x10000004                SystemCoreClock
 .data.SystemD2Clock
                0x10000008        0x4 Common/Src/system_stm32h7xx_dualcore_boot_cm4_cm7.o
                0x10000008                SystemD2Clock
 .data.uwTickFreq
                0x1000000c        0x1 Drivers/STM32H7xx_HAL_Driver/stm32h7xx_hal.o
                0x1000000c                uwTickFreq
 *fill*         0x1000000d        0x3 
 .data.uwTickPrio
                0x10000010        0x4 Drivers/STM32H7xx_HAL_Driver/stm32h7xx_hal.o
                0x10000010                uwTickPrio
 *(.RamFunc)
 *(.RamFunc*)
                0x10000014                . = ALIGN (0x4)
                0x10000014                _edata = .

.igot.plt       0x10000014        0x0 load address 0x08104230
 .igot.plt      0x10000014        0x0 c:/program files (x86)/gnu arm embedded toolchain/10 2020-q4-major/bin/../lib/gcc/arm-none-eabi/10.2.1/thumb/v7e-m+fp/hard/crtbegin.o
                0x10000014                . = ALIGN (0x4)

.bss            0x10000014      0x128 load address 0x08104230
                0x10000014                _sbss = .
                0x10000014                __bss_start__ = _sbss
 *(.bss)
 .bss           0x10000014       0x1c c:/program files (x86)/gnu arm embedded toolchain/10 2020-q4-major/bin/../lib/gcc/arm-none-eabi/10.2.1/thumb/v7e-m+fp/hard/crtbegin.o
 *(.bss*)
 .bss.hdma_usart3_tx
                0x10000030       0x78 Core/Src/usart.o
                0x10000030                hdma_usart3_tx
 .bss.huart3    0x100000a8       0x90 Core/Src/usart.o
                0x100000a8                huart3
 .bss.uwTick    0x10000138        0x4 Drivers/STM32H7xx_HAL_Driver/stm32h7xx_hal.o
                0x10000138                uwTick
 *(COMMON)
                0x1000013c                . = ALIGN (0x4)
                0x1000013c                _ebss = .
                0x1000013c                __bss_end__ = _ebss

._user_heap_stack
                0x1000013c      0x604 load address 0x08104230
                0x10000140                . = ALIGN (0x8)
 *fill*         0x1000013c        0x4 
                [!provide]                PROVIDE (end = .)
                0x10000140                PROVIDE (_end = .)
                0x10000340                . = (. + _Min_Heap_Size)
 *fill*         0x10000140      0x200 
                0x10000740                . = (. + _Min_Stack_Size)
 *fill*         0x10000340      0x400 
                0x10000740                . = ALIGN (0x8)

.d3_dma_sec     0x38000000      0x100
                0x38000000                . = ABSOLUTE (0x38000000)
 *(.D3_DMA_Section)
 .D3_DMA_Section
                0x38000000      0x100 App/Src/stream_test.o
                0x38000000                StreamStorage::storage

/DISCARD/
 libc.a(*)
 libm.a(*)
 libgcc.a(*)

.ARM.attributes
                0x00000000       0x30
 *(.ARM.attributes)
 .ARM.attributes
                0x00000000       0x1e c:/program files (x86)/gnu arm embedded toolchain/10 2020-q4-major/bin/../lib/gcc/arm-none-eabi/10.2.1/thumb/v7e-m+fp/hard/crti.o
 .ARM.attributes
                0x0000001e       0x34 c:/program files (x86)/gnu arm embedded toolchain/10 2020-q4-major/bin/../lib/gcc/arm-none-eabi/10.2.1/thumb/v7e-m+fp/hard/crtbegin.o
 .ARM.attributes
                0x00000052       0x34 App/Src/stream_test.o
 .ARM.attributes
                0x00000086       0x34 App/Src/usart.o
 .ARM.attributes
                0x000000ba       0x34 Common/Src/system_stm32h7xx_dualcore_boot_cm4_cm7.o
 .ARM.attributes
                0x000000ee       0x34 Core/Src/dma.o
 .ARM.attributes
                0x00000122       0x34 Core/Src/gpio.o
 .ARM.attributes
                0x00000156       0x34 Core/Src/main.o
 .ARM.attributes
                0x0000018a       0x34 Core/Src/stm32h7xx_hal_msp.o
 .ARM.attributes
                0x000001be       0x34 Core/Src/stm32h7xx_it.o
 .ARM.attributes
                0x000001f2       0x34 Core/Src/usart.o
 .ARM.attributes
                0x00000226       0x21 Core/Startup/startup_stm32h745zitx.o
 .ARM.attributes
                0x00000247       0x34 Drivers/STM32H7xx_HAL_Driver/stm32h7xx_hal.o
 .ARM.attributes
                0x0000027b       0x34 Drivers/STM32H7xx_HAL_Driver/stm32h7xx_hal_cortex.o
 .ARM.attributes
                0x000002af       0x34 Drivers/STM32H7xx_HAL_Driver/stm32h7xx_hal_dma.o
 .ARM.attributes
                0x000002e3       0x34 Drivers/STM32H7xx_HAL_Driver/stm32h7xx_hal_gpio.o
 .ARM.attributes
                0x00000317       0x34 Drivers/STM32H7xx_HAL_Driver/stm32h7xx_hal_hsem.o
 .ARM.attributes
                0x0000034b       0x34 Drivers/STM32H7xx_HAL_Driver/stm32h7xx_hal_pwr_ex.o
 .ARM.attributes
                0x0000037f       0x34 Drivers/STM32H7xx_HAL_Driver/stm32h7xx_hal_rcc.o
 .ARM.attributes
                0x000003b3       0x34 Drivers/STM32H7xx_HAL_Driver/stm32h7xx_hal_rcc_ex.o
 .ARM.attributes
                0x000003e7       0x34 Drivers/STM32H7xx_HAL_Driver/stm32h7xx_hal_uart.o
 .ARM.attributes
                0x0000041b       0x34 Drivers/STM32H7xx_HAL_Driver/stm32h7xx_hal_uart_ex.o
 .ARM.attributes
                0x0000044f       0x34 c:/program files (x86)/gnu arm embedded toolchain/10 2020-q4-major/bin/../lib/gcc/arm-none-eabi/10.2.1/../../../../arm-none-eabi/lib/thumb/v7e-m+fp/hard\libc_nano.a(lib_a-init.o)
 .ARM.attributes
                0x00000483       0x34 c:/program files (x86)/gnu arm embedded toolchain/10 2020-q4-major/bin/../lib/gcc/arm-none-eabi/10.2.1/../../../../arm-none-eabi/lib/thumb/v7e-m+fp/hard\libc_nano.a(lib_a-memcpy-stub.o)
 .ARM.attributes
                0x000004b7       0x34 c:/program files (x86)/gnu arm embedded toolchain/10 2020-q4-major/bin/../lib/gcc/arm-none-eabi/10.2.1/../../../../arm-none-eabi/lib/thumb/v7e-m+fp/hard\libc_nano.a(lib_a-memmove.o)
 .ARM.attributes
                0x000004eb       0x34 c:/program files (x86)/gnu arm embedded toolchain/10 2020-q4-major/bin/../lib/gcc/arm-none-eabi/10.2.1/../../../../arm-none-eabi/lib/thumb/v7e-m+fp/hard\libc_nano.a(lib_a-memset.o)
 .ARM.attributes
                0x0000051f       0x17 c:/program files (x86)/gnu arm embedded toolchain/10 2020-q4-major/bin/../lib/gcc/arm-none-eabi/10.2.1/../../../../arm-none-eabi/lib/thumb/v7e-m+fp/hard\libc_nano.a(lib_a-strlen.o)
 .ARM.attributes
                0x00000536       0x1e c:/program files (x86)/gnu arm embedded toolchain/10 2020-q4-major/bin/../lib/gcc/arm-none-eabi/10.2.1/thumb/v7e-m+fp/hard\libgcc.a(_aeabi_uldivmod.o)
 .ARM.attributes
                0x00000554       0x34 c:/program files (x86)/gnu arm embedded toolchain/10 2020-q4-major/bin/../lib/gcc/arm-none-eabi/10.2.1/thumb/v7e-m+fp/hard\libgcc.a(_udivmoddi4.o)
 .ARM.attributes
                0x00000588       0x1e c:/program files (x86)/gnu arm embedded toolchain/10 2020-q4-major/bin/../lib/gcc/arm-none-eabi/10.2.1/thumb/v7e-m+fp/hard\libgcc.a(_dvmd_tls.o)
 .ARM.attributes
                0x000005a6       0x1e c:/program files (x86)/gnu arm embedded toolchain/10 2020-q4-major/bin/../lib/gcc/arm-none-eabi/10.2.1/thumb/v7e-m+fp/hard/crtn.o
OUTPUT(NUCLEO745_BareMetalStream_CM4.elf elf32-littlearm)
LOAD linker stubs
LOAD c:/program files (x86)/gnu arm embedded toolchain/10 2020-q4-major/bin/../lib/gcc/arm-none-eabi/10.2.1/../../../../arm-none-eabi/lib/thumb/v7e-m+fp/hard\libc.a
LOAD c:/program files (x86)/gnu arm embedded toolchain/10 2020-q4-major/bin/../lib/gcc/arm-none-eabi/10.2.1/../../../../arm-none-eabi/lib/thumb/v7e-m+fp/hard\libm.a
LOAD c:/program files (x86)/gnu arm embedded toolchain/10 2020-q4-major/bin/../lib/gcc/arm-none-eabi/10.2.1/thumb/v7e-m+fp/hard\libgcc.a

.debug_info     0x00000000    0x211bd
 .debug_info    0x00000000     0xc60a App/Src/stream_test.o
 .debug_info    0x0000c60a     0x451c App/Src/usart.o
 .debug_info    0x00010b26      0x79e Common/Src/system_stm32h7xx_dualcore_boot_cm4_cm7.o
 .debug_info    0x000112c4      0x893 Core/Src/dma.o
 .debug_info    0x00011b57      0x4a0 Core/Src/gpio.o
 .debug_info    0x00011ff7      0x89b Core/Src/main.o
 .debug_info    0x00012892      0x4a0 Core/Src/stm32h7xx_hal_msp.o
 .debug_info    0x00012d32      0x882 Core/Src/stm32h7xx_it.o
 .debug_info    0x000135b4     0x1660 Core/Src/usart.o
 .debug_info    0x00014c14       0x22 Core/Startup/startup_stm32h745zitx.o
 .debug_info    0x00014c36     0x19ad Drivers/STM32H7xx_HAL_Driver/stm32h7xx_hal.o
 .debug_info    0x000165e3     0x121d Drivers/STM32H7xx_HAL_Driver/stm32h7xx_hal_cortex.o
 .debug_info    0x00017800      0xf34 Drivers/STM32H7xx_HAL_Driver/stm32h7xx_hal_dma.o
 .debug_info    0x00018734      0xe1e Drivers/STM32H7xx_HAL_Driver/stm32h7xx_hal_gpio.o
 .debug_info    0x00019552      0x43b Drivers/STM32H7xx_HAL_Driver/stm32h7xx_hal_hsem.o
 .debug_info    0x0001998d     0x12b9 Drivers/STM32H7xx_HAL_Driver/stm32h7xx_hal_pwr_ex.o
 .debug_info    0x0001ac46     0x1260 Drivers/STM32H7xx_HAL_Driver/stm32h7xx_hal_rcc.o
 .debug_info    0x0001bea6     0x1a37 Drivers/STM32H7xx_HAL_Driver/stm32h7xx_hal_rcc_ex.o
 .debug_info    0x0001d8dd     0x2920 Drivers/STM32H7xx_HAL_Driver/stm32h7xx_hal_uart.o
 .debug_info    0x000201fd      0xfc0 Drivers/STM32H7xx_HAL_Driver/stm32h7xx_hal_uart_ex.o

.debug_abbrev   0x00000000     0x3b80
 .debug_abbrev  0x00000000      0xde7 App/Src/stream_test.o
 .debug_abbrev  0x00000de7      0x6b5 App/Src/usart.o
 .debug_abbrev  0x0000149c      0x14b Common/Src/system_stm32h7xx_dualcore_boot_cm4_cm7.o
 .debug_abbrev  0x000015e7      0x13b Core/Src/dma.o
 .debug_abbrev  0x00001722       0xd8 Core/Src/gpio.o
 .debug_abbrev  0x000017fa      0x192 Core/Src/main.o
 .debug_abbrev  0x0000198c       0xd8 Core/Src/stm32h7xx_hal_msp.o
 .debug_abbrev  0x00001a64      0x18e Core/Src/stm32h7xx_it.o
 .debug_abbrev  0x00001bf2      0x248 Core/Src/usart.o
 .debug_abbrev  0x00001e3a       0x12 Core/Startup/startup_stm32h745zitx.o
 .debug_abbrev  0x00001e4c      0x2f2 Drivers/STM32H7xx_HAL_Driver/stm32h7xx_hal.o
 .debug_abbrev  0x0000213e      0x385 Drivers/STM32H7xx_HAL_Driver/stm32h7xx_hal_cortex.o
 .debug_abbrev  0x000024c3      0x30a Drivers/STM32H7xx_HAL_Driver/stm32h7xx_hal_dma.o
 .debug_abbrev  0x000027cd      0x23a Drivers/STM32H7xx_HAL_Driver/stm32h7xx_hal_gpio.o
 .debug_abbrev  0x00002a07      0x1ed Drivers/STM32H7xx_HAL_Driver/stm32h7xx_hal_hsem.o
 .debug_abbrev  0x00002bf4      0x311 Drivers/STM32H7xx_HAL_Driver/stm32h7xx_hal_pwr_ex.o
 .debug_abbrev  0x00002f05      0x2de Drivers/STM32H7xx_HAL_Driver/stm32h7xx_hal_rcc.o
 .debug_abbrev  0x000031e3      0x30a Drivers/STM32H7xx_HAL_Driver/stm32h7xx_hal_rcc_ex.o
 .debug_abbrev  0x000034ed      0x3cc Drivers/STM32H7xx_HAL_Driver/stm32h7xx_hal_uart.o
 .debug_abbrev  0x000038b9      0x2c7 Drivers/STM32H7xx_HAL_Driver/stm32h7xx_hal_uart_ex.o

.debug_loc      0x00000000     0x812f
 .debug_loc     0x00000000     0x1462 App/Src/stream_test.o
 .debug_loc     0x00001462      0x1ec App/Src/usart.o
 .debug_loc     0x0000164e      0x18a Common/Src/system_stm32h7xx_dualcore_boot_cm4_cm7.o
 .debug_loc     0x000017d8       0x71 Core/Src/usart.o
 .debug_loc     0x00001849      0x5f2 Drivers/STM32H7xx_HAL_Driver/stm32h7xx_hal.o
 .debug_loc     0x00001e3b      0x5c5 Drivers/STM32H7xx_HAL_Driver/stm32h7xx_hal_cortex.o
 .debug_loc     0x00002400      0xcfa Drivers/STM32H7xx_HAL_Driver/stm32h7xx_hal_dma.o
 .debug_loc     0x000030fa      0x34b Drivers/STM32H7xx_HAL_Driver/stm32h7xx_hal_gpio.o
 .debug_loc     0x00003445      0x196 Drivers/STM32H7xx_HAL_Driver/stm32h7xx_hal_hsem.o
 .debug_loc     0x000035db      0x694 Drivers/STM32H7xx_HAL_Driver/stm32h7xx_hal_pwr_ex.o
 .debug_loc     0x00003c6f      0x72f Drivers/STM32H7xx_HAL_Driver/stm32h7xx_hal_rcc.o
 .debug_loc     0x0000439e     0x1071 Drivers/STM32H7xx_HAL_Driver/stm32h7xx_hal_rcc_ex.o
 .debug_loc     0x0000540f     0x237d Drivers/STM32H7xx_HAL_Driver/stm32h7xx_hal_uart.o
 .debug_loc     0x0000778c      0x9a3 Drivers/STM32H7xx_HAL_Driver/stm32h7xx_hal_uart_ex.o

.debug_aranges  0x00000000      0xb28
 .debug_aranges
                0x00000000       0x50 App/Src/stream_test.o
 .debug_aranges
                0x00000050       0x48 App/Src/usart.o
 .debug_aranges
                0x00000098       0x28 Common/Src/system_stm32h7xx_dualcore_boot_cm4_cm7.o
 .debug_aranges
                0x000000c0       0x20 Core/Src/dma.o
 .debug_aranges
                0x000000e0       0x20 Core/Src/gpio.o
 .debug_aranges
                0x00000100       0x28 Core/Src/main.o
 .debug_aranges
                0x00000128       0x20 Core/Src/stm32h7xx_hal_msp.o
 .debug_aranges
                0x00000148       0x60 Core/Src/stm32h7xx_it.o
 .debug_aranges
                0x000001a8       0x30 Core/Src/usart.o
 .debug_aranges
                0x000001d8       0x28 Core/Startup/startup_stm32h745zitx.o
 .debug_aranges
                0x00000200      0x1f8 Drivers/STM32H7xx_HAL_Driver/stm32h7xx_hal.o
 .debug_aranges
                0x000003f8       0xb0 Drivers/STM32H7xx_HAL_Driver/stm32h7xx_hal_cortex.o
 .debug_aranges
                0x000004a8       0x98 Drivers/STM32H7xx_HAL_Driver/stm32h7xx_hal_dma.o
 .debug_aranges
                0x00000540       0x58 Drivers/STM32H7xx_HAL_Driver/stm32h7xx_hal_gpio.o
 .debug_aranges
                0x00000598       0x70 Drivers/STM32H7xx_HAL_Driver/stm32h7xx_hal_hsem.o
 .debug_aranges
                0x00000608      0x140 Drivers/STM32H7xx_HAL_Driver/stm32h7xx_hal_pwr_ex.o
 .debug_aranges
                0x00000748       0x88 Drivers/STM32H7xx_HAL_Driver/stm32h7xx_hal_rcc.o
 .debug_aranges
                0x000007d0       0xe0 Drivers/STM32H7xx_HAL_Driver/stm32h7xx_hal_rcc_ex.o
 .debug_aranges
                0x000008b0      0x1f0 Drivers/STM32H7xx_HAL_Driver/stm32h7xx_hal_uart.o
 .debug_aranges
                0x00000aa0       0x88 Drivers/STM32H7xx_HAL_Driver/stm32h7xx_hal_uart_ex.o

.debug_ranges   0x00000000      0xf88
 .debug_ranges  0x00000000      0x330 App/Src/stream_test.o
 .debug_ranges  0x00000330       0x38 App/Src/usart.o
 .debug_ranges  0x00000368       0x18 Common/Src/system_stm32h7xx_dualcore_boot_cm4_cm7.o
 .debug_ranges  0x00000380       0x30 Core/Src/dma.o
 .debug_ranges  0x000003b0       0x28 Core/Src/gpio.o
 .debug_ranges  0x000003d8       0x38 Core/Src/main.o
 .debug_ranges  0x00000410       0x28 Core/Src/stm32h7xx_hal_msp.o
 .debug_ranges  0x00000438       0x50 Core/Src/stm32h7xx_it.o
 .debug_ranges  0x00000488       0x40 Core/Src/usart.o
 .debug_ranges  0x000004c8       0x20 Core/Startup/startup_stm32h745zitx.o
 .debug_ranges  0x000004e8      0x208 Drivers/STM32H7xx_HAL_Driver/stm32h7xx_hal.o
 .debug_ranges  0x000006f0      0x158 Drivers/STM32H7xx_HAL_Driver/stm32h7xx_hal_cortex.o
 .debug_ranges  0x00000848       0xc0 Drivers/STM32H7xx_HAL_Driver/stm32h7xx_hal_dma.o
 .debug_ranges  0x00000908       0x68 Drivers/STM32H7xx_HAL_Driver/stm32h7xx_hal_gpio.o
 .debug_ranges  0x00000970       0x60 Drivers/STM32H7xx_HAL_Driver/stm32h7xx_hal_hsem.o
 .debug_ranges  0x000009d0      0x148 Drivers/STM32H7xx_HAL_Driver/stm32h7xx_hal_pwr_ex.o
 .debug_ranges  0x00000b18       0xe8 Drivers/STM32H7xx_HAL_Driver/stm32h7xx_hal_rcc.o
 .debug_ranges  0x00000c00      0x100 Drivers/STM32H7xx_HAL_Driver/stm32h7xx_hal_rcc_ex.o
 .debug_ranges  0x00000d00      0x210 Drivers/STM32H7xx_HAL_Driver/stm32h7xx_hal_uart.o
 .debug_ranges  0x00000f10       0x78 Drivers/STM32H7xx_HAL_Driver/stm32h7xx_hal_uart_ex.o

.debug_macro    0x00000000    0x3e36d
 .debug_macro   0x00000000      0xafa App/Src/stream_test.o
 .debug_macro   0x00000afa      0xc1c App/Src/stream_test.o
 .debug_macro   0x00001716      0x18a App/Src/stream_test.o
 .debug_macro   0x000018a0       0x10 App/Src/stream_test.o
 .debug_macro   0x000018b0       0xba App/Src/stream_test.o
 .debug_macro   0x0000196a       0xf7 App/Src/stream_test.o
 .debug_macro   0x00001a61      0x3d1 App/Src/stream_test.o
 .debug_macro   0x00001e32       0x94 App/Src/stream_test.o
 .debug_macro   0x00001ec6       0x19 App/Src/stream_test.o
 .debug_macro   0x00001edf       0x10 App/Src/stream_test.o
 .debug_macro   0x00001eef       0x18 App/Src/stream_test.o
 .debug_macro   0x00001f07       0x68 App/Src/stream_test.o
 .debug_macro   0x00001f6f       0x35 App/Src/stream_test.o
 .debug_macro   0x00001fa4       0x1c App/Src/stream_test.o
 .debug_macro   0x00001fc0       0x17 App/Src/stream_test.o
 .debug_macro   0x00001fd7       0x10 App/Src/stream_test.o
 .debug_macro   0x00001fe7       0x28 App/Src/stream_test.o
 .debug_macro   0x0000200f       0x2e App/Src/stream_test.o
 .debug_macro   0x0000203d       0x16 App/Src/stream_test.o
 .debug_macro   0x00002053      0x17b App/Src/stream_test.o
 .debug_macro   0x000021ce       0x10 App/Src/stream_test.o
 .debug_macro   0x000021de       0x12 App/Src/stream_test.o
 .debug_macro   0x000021f0       0x19 App/Src/stream_test.o
 .debug_macro   0x00002209       0x88 App/Src/stream_test.o
 .debug_macro   0x00002291       0x19 App/Src/stream_test.o
 .debug_macro   0x000022aa       0x18 App/Src/stream_test.o
 .debug_macro   0x000022c2       0x10 App/Src/stream_test.o
 .debug_macro   0x000022d2       0x11 App/Src/stream_test.o
 .debug_macro   0x000022e3       0x1c App/Src/stream_test.o
 .debug_macro   0x000022ff       0x22 App/Src/stream_test.o
 .debug_macro   0x00002321       0x4c App/Src/stream_test.o
 .debug_macro   0x0000236d       0x18 App/Src/stream_test.o
 .debug_macro   0x00002385       0x94 App/Src/stream_test.o
 .debug_macro   0x00002419       0x3c App/Src/stream_test.o
 .debug_macro   0x00002455       0x34 App/Src/stream_test.o
 .debug_macro   0x00002489       0x16 App/Src/stream_test.o
 .debug_macro   0x0000249f       0x43 App/Src/stream_test.o
 .debug_macro   0x000024e2       0x57 App/Src/stream_test.o
 .debug_macro   0x00002539       0x34 App/Src/stream_test.o
 .debug_macro   0x0000256d       0x10 App/Src/stream_test.o
 .debug_macro   0x0000257d       0x58 App/Src/stream_test.o
 .debug_macro   0x000025d5       0x71 App/Src/stream_test.o
 .debug_macro   0x00002646       0x16 App/Src/stream_test.o
 .debug_macro   0x0000265c      0x12a App/Src/stream_test.o
 .debug_macro   0x00002786       0x1c App/Src/stream_test.o
 .debug_macro   0x000027a2       0x3c App/Src/stream_test.o
 .debug_macro   0x000027de      0x356 App/Src/stream_test.o
 .debug_macro   0x00002b34       0x10 App/Src/stream_test.o
 .debug_macro   0x00002b44       0x1c App/Src/stream_test.o
 .debug_macro   0x00002b60       0x33 App/Src/stream_test.o
 .debug_macro   0x00002b93      0x173 App/Src/stream_test.o
 .debug_macro   0x00002d06       0x10 App/Src/stream_test.o
 .debug_macro   0x00002d16       0x35 App/Src/stream_test.o
 .debug_macro   0x00002d4b       0x5e App/Src/stream_test.o
 .debug_macro   0x00002da9       0x16 App/Src/stream_test.o
 .debug_macro   0x00002dbf       0x52 App/Src/stream_test.o
 .debug_macro   0x00002e11       0x5e App/Src/stream_test.o
 .debug_macro   0x00002e6f       0x11 App/Src/stream_test.o
 .debug_macro   0x00002e80       0x2f App/Src/stream_test.o
 .debug_macro   0x00002eaf       0x16 App/Src/stream_test.o
 .debug_macro   0x00002ec5       0x11 App/Src/stream_test.o
 .debug_macro   0x00002ed6       0x1c App/Src/stream_test.o
 .debug_macro   0x00002ef2      0x103 App/Src/stream_test.o
 .debug_macro   0x00002ff5       0x6a App/Src/stream_test.o
 .debug_macro   0x0000305f      0x1d1 App/Src/stream_test.o
 .debug_macro   0x00003230       0x11 App/Src/stream_test.o
 .debug_macro   0x00003241       0x10 App/Src/stream_test.o
 .debug_macro   0x00003251       0x16 App/Src/stream_test.o
 .debug_macro   0x00003267       0x16 App/Src/stream_test.o
 .debug_macro   0x0000327d       0x29 App/Src/stream_test.o
 .debug_macro   0x000032a6       0x1c App/Src/stream_test.o
 .debug_macro   0x000032c2       0xde App/Src/stream_test.o
 .debug_macro   0x000033a0       0x11 App/Src/stream_test.o
 .debug_macro   0x000033b1      0x120 App/Src/stream_test.o
 .debug_macro   0x000034d1       0x12 App/Src/stream_test.o
 .debug_macro   0x000034e3       0x17 App/Src/stream_test.o
 .debug_macro   0x000034fa       0x17 App/Src/stream_test.o
 .debug_macro   0x00003511       0x17 App/Src/stream_test.o
 .debug_macro   0x00003528       0x1c App/Src/stream_test.o
 .debug_macro   0x00003544       0x10 App/Src/stream_test.o
 .debug_macro   0x00003554       0x1c App/Src/stream_test.o
 .debug_macro   0x00003570       0x52 App/Src/stream_test.o
 .debug_macro   0x000035c2       0x22 App/Src/stream_test.o
 .debug_macro   0x000035e4       0x10 App/Src/stream_test.o
 .debug_macro   0x000035f4       0x40 App/Src/stream_test.o
 .debug_macro   0x00003634       0xd5 App/Src/stream_test.o
 .debug_macro   0x00003709       0x1c App/Src/stream_test.o
 .debug_macro   0x00003725       0x3d App/Src/stream_test.o
 .debug_macro   0x00003762       0x16 App/Src/stream_test.o
 .debug_macro   0x00003778      0x130 App/Src/stream_test.o
 .debug_macro   0x000038a8      0x11d App/Src/stream_test.o
 .debug_macro   0x000039c5       0x10 App/Src/stream_test.o
 .debug_macro   0x000039d5      0x241 App/Src/stream_test.o
 .debug_macro   0x00003c16       0x11 App/Src/stream_test.o
 .debug_macro   0x00003c27       0x1f App/Src/stream_test.o
 .debug_macro   0x00003c46       0x10 App/Src/stream_test.o
 .debug_macro   0x00003c56       0x11 App/Src/stream_test.o
 .debug_macro   0x00003c67       0x10 App/Src/stream_test.o
 .debug_macro   0x00003c77       0x11 App/Src/stream_test.o
 .debug_macro   0x00003c88       0x2d App/Src/stream_test.o
 .debug_macro   0x00003cb5       0x26 App/Src/stream_test.o
 .debug_macro   0x00003cdb       0x41 App/Src/stream_test.o
 .debug_macro   0x00003d1c       0x10 App/Src/stream_test.o
 .debug_macro   0x00003d2c      0x232 App/Src/stream_test.o
 .debug_macro   0x00003f5e       0x2e App/Src/stream_test.o
 .debug_macro   0x00003f8c       0x3b App/Src/stream_test.o
 .debug_macro   0x00003fc7       0x1c App/Src/stream_test.o
 .debug_macro   0x00003fe3       0x22 App/Src/stream_test.o
 .debug_macro   0x00004005       0xfb App/Src/stream_test.o
 .debug_macro   0x00004100     0x1011 App/Src/stream_test.o
 .debug_macro   0x00005111      0x11f App/Src/stream_test.o
 .debug_macro   0x00005230    0x26895 App/Src/stream_test.o
 .debug_macro   0x0002bac5       0x43 App/Src/stream_test.o
 .debug_macro   0x0002bb08     0x3cd3 App/Src/stream_test.o
 .debug_macro   0x0002f7db      0x1a2 App/Src/stream_test.o
 .debug_macro   0x0002f97d      0x3db App/Src/stream_test.o
 .debug_macro   0x0002fd58       0x16 App/Src/stream_test.o
 .debug_macro   0x0002fd6e       0x11 App/Src/stream_test.o
 .debug_macro   0x0002fd7f       0x17 App/Src/stream_test.o
 .debug_macro   0x0002fd96       0x17 App/Src/stream_test.o
 .debug_macro   0x0002fdad       0x17 App/Src/stream_test.o
 .debug_macro   0x0002fdc4       0x17 App/Src/stream_test.o
 .debug_macro   0x0002fddb       0x17 App/Src/stream_test.o
 .debug_macro   0x0002fdf2       0x17 App/Src/stream_test.o
 .debug_macro   0x0002fe09       0x5d App/Src/stream_test.o
 .debug_macro   0x0002fe66     0x3a9d App/Src/stream_test.o
 .debug_macro   0x00033903     0x1048 App/Src/stream_test.o
 .debug_macro   0x0003494b      0x14d App/Src/stream_test.o
 .debug_macro   0x00034a98      0x133 App/Src/stream_test.o
 .debug_macro   0x00034bcb      0x3be App/Src/stream_test.o
 .debug_macro   0x00034f89       0x27 App/Src/stream_test.o
 .debug_macro   0x00034fb0      0x72d App/Src/stream_test.o
 .debug_macro   0x000356dd      0x229 App/Src/stream_test.o
 .debug_macro   0x00035906       0x66 App/Src/stream_test.o
 .debug_macro   0x0003596c      0x3bb App/Src/stream_test.o
 .debug_macro   0x00035d27      0x408 App/Src/stream_test.o
 .debug_macro   0x0003612f      0x244 App/Src/stream_test.o
 .debug_macro   0x00036373      0x3cb App/Src/stream_test.o
 .debug_macro   0x0003673e      0x4a2 App/Src/stream_test.o
 .debug_macro   0x00036be0       0x51 App/Src/stream_test.o
 .debug_macro   0x00036c31       0x4a App/Src/stream_test.o
 .debug_macro   0x00036c7b      0x22c App/Src/stream_test.o
 .debug_macro   0x00036ea7       0x67 App/Src/stream_test.o
 .debug_macro   0x00036f0e       0xa5 App/Src/stream_test.o
 .debug_macro   0x00036fb3      0x219 App/Src/stream_test.o
 .debug_macro   0x000371cc      0x2eb App/Src/stream_test.o
 .debug_macro   0x000374b7       0x35 App/Src/stream_test.o
 .debug_macro   0x000374ec      0x67e App/Src/stream_test.o
 .debug_macro   0x00037b6a       0xa6 App/Src/stream_test.o
 .debug_macro   0x00037c10      0x798 App/Src/stream_test.o
 .debug_macro   0x000383a8       0x1c App/Src/stream_test.o
 .debug_macro   0x000383c4       0x28 App/Src/stream_test.o
 .debug_macro   0x000383ec       0x16 App/Src/stream_test.o
 .debug_macro   0x00038402       0x8e App/Src/stream_test.o
 .debug_macro   0x00038490       0x4c App/Src/stream_test.o
 .debug_macro   0x000384dc       0x27 App/Src/stream_test.o
 .debug_macro   0x00038503       0x26 App/Src/stream_test.o
 .debug_macro   0x00038529      0x687 App/Src/usart.o
 .debug_macro   0x00038bb0       0x8e App/Src/usart.o
 .debug_macro   0x00038c3e       0x51 App/Src/usart.o
 .debug_macro   0x00038c8f      0x1df App/Src/usart.o
 .debug_macro   0x00038e6e       0x52 App/Src/usart.o
 .debug_macro   0x00038ec0       0x10 App/Src/usart.o
 .debug_macro   0x00038ed0       0x10 App/Src/usart.o
 .debug_macro   0x00038ee0      0x3d5 App/Src/usart.o
 .debug_macro   0x000392b5       0x6e App/Src/usart.o
 .debug_macro   0x00039323       0x2d App/Src/usart.o
 .debug_macro   0x00039350       0x22 App/Src/usart.o
 .debug_macro   0x00039372       0x3f App/Src/usart.o
 .debug_macro   0x000393b1       0x12 App/Src/usart.o
 .debug_macro   0x000393c3      0x29c Common/Src/system_stm32h7xx_dualcore_boot_cm4_cm7.o
 .debug_macro   0x0003965f      0xa84 Common/Src/system_stm32h7xx_dualcore_boot_cm4_cm7.o
 .debug_macro   0x0003a0e3     0x1011 Common/Src/system_stm32h7xx_dualcore_boot_cm4_cm7.o
 .debug_macro   0x0003b0f4      0x174 Common/Src/system_stm32h7xx_dualcore_boot_cm4_cm7.o
 .debug_macro   0x0003b268       0x34 Common/Src/system_stm32h7xx_dualcore_boot_cm4_cm7.o
 .debug_macro   0x0003b29c       0x43 Common/Src/system_stm32h7xx_dualcore_boot_cm4_cm7.o
 .debug_macro   0x0003b2df       0x1c Common/Src/system_stm32h7xx_dualcore_boot_cm4_cm7.o
 .debug_macro   0x0003b2fb      0x333 Common/Src/system_stm32h7xx_dualcore_boot_cm4_cm7.o
 .debug_macro   0x0003b62e      0x1a9 Common/Src/system_stm32h7xx_dualcore_boot_cm4_cm7.o
 .debug_macro   0x0003b7d7      0x2af Core/Src/dma.o
 .debug_macro   0x0003ba86      0x2af Core/Src/gpio.o
 .debug_macro   0x0003bd35      0x2cd Core/Src/main.o
 .debug_macro   0x0003c002      0x2a5 Core/Src/stm32h7xx_hal_msp.o
 .debug_macro   0x0003c2a7      0x2af Core/Src/stm32h7xx_it.o
 .debug_macro   0x0003c556      0x2af Core/Src/usart.o
 .debug_macro   0x0003c805      0x2c0 Drivers/STM32H7xx_HAL_Driver/stm32h7xx_hal.o
 .debug_macro   0x0003cac5      0x296 Drivers/STM32H7xx_HAL_Driver/stm32h7xx_hal_cortex.o
 .debug_macro   0x0003cd5b      0x2ea Drivers/STM32H7xx_HAL_Driver/stm32h7xx_hal_dma.o
 .debug_macro   0x0003d045      0x2e0 Drivers/STM32H7xx_HAL_Driver/stm32h7xx_hal_gpio.o
 .debug_macro   0x0003d325      0x2a8 Drivers/STM32H7xx_HAL_Driver/stm32h7xx_hal_hsem.o
 .debug_macro   0x0003d5cd      0x2cf Drivers/STM32H7xx_HAL_Driver/stm32h7xx_hal_pwr_ex.o
 .debug_macro   0x0003d89c      0x2ba Drivers/STM32H7xx_HAL_Driver/stm32h7xx_hal_rcc.o
 .debug_macro   0x0003db56      0x2b4 Drivers/STM32H7xx_HAL_Driver/stm32h7xx_hal_rcc_ex.o
 .debug_macro   0x0003de0a      0x2c1 Drivers/STM32H7xx_HAL_Driver/stm32h7xx_hal_uart.o
 .debug_macro   0x0003e0cb      0x2a2 Drivers/STM32H7xx_HAL_Driver/stm32h7xx_hal_uart_ex.o

.debug_line     0x00000000    0x13682
 .debug_line    0x00000000     0x1db8 App/Src/stream_test.o
 .debug_line    0x00001db8      0xff5 App/Src/usart.o
 .debug_line    0x00002dad      0x835 Common/Src/system_stm32h7xx_dualcore_boot_cm4_cm7.o
 .debug_line    0x000035e2      0x698 Core/Src/dma.o
 .debug_line    0x00003c7a      0x691 Core/Src/gpio.o
 .debug_line    0x0000430b      0x701 Core/Src/main.o
 .debug_line    0x00004a0c      0x695 Core/Src/stm32h7xx_hal_msp.o
 .debug_line    0x000050a1      0x787 Core/Src/stm32h7xx_it.o
 .debug_line    0x00005828      0x815 Core/Src/usart.o
 .debug_line    0x0000603d       0x88 Core/Startup/startup_stm32h745zitx.o
 .debug_line    0x000060c5      0xf8e Drivers/STM32H7xx_HAL_Driver/stm32h7xx_hal.o
 .debug_line    0x00007053      0xcb7 Drivers/STM32H7xx_HAL_Driver/stm32h7xx_hal_cortex.o
 .debug_line    0x00007d0a     0x24ff Drivers/STM32H7xx_HAL_Driver/stm32h7xx_hal_dma.o
 .debug_line    0x0000a209      0xc0f Drivers/STM32H7xx_HAL_Driver/stm32h7xx_hal_gpio.o
 .debug_line    0x0000ae18      0x830 Drivers/STM32H7xx_HAL_Driver/stm32h7xx_hal_hsem.o
 .debug_line    0x0000b648     0x1020 Drivers/STM32H7xx_HAL_Driver/stm32h7xx_hal_pwr_ex.o
 .debug_line    0x0000c668     0x1658 Drivers/STM32H7xx_HAL_Driver/stm32h7xx_hal_rcc.o
 .debug_line    0x0000dcc0     0x1c11 Drivers/STM32H7xx_HAL_Driver/stm32h7xx_hal_rcc_ex.o
 .debug_line    0x0000f8d1     0x2e81 Drivers/STM32H7xx_HAL_Driver/stm32h7xx_hal_uart.o
 .debug_line    0x00012752      0xf30 Drivers/STM32H7xx_HAL_Driver/stm32h7xx_hal_uart_ex.o

.debug_str      0x00000000   0x188dd8
 .debug_str     0x00000000   0x183229 App/Src/stream_test.o
                             0x183e4f (size before relaxing)
 .debug_str     0x00183229      0xcb6 App/Src/usart.o
                             0x178205 (size before relaxing)
 .debug_str     0x00183edf      0x677 Common/Src/system_stm32h7xx_dualcore_boot_cm4_cm7.o
                             0x16f50c (size before relaxing)
 .debug_str     0x00184556      0x841 Core/Src/dma.o
                             0x16fc9f (size before relaxing)
 .debug_str     0x00184d97       0x2c Core/Src/gpio.o
                             0x16f41b (size before relaxing)
 .debug_str     0x00184dc3       0xff Core/Src/main.o
                             0x16f5aa (size before relaxing)
 .debug_str     0x00184ec2       0x2c Core/Src/stm32h7xx_hal_msp.o
                             0x16f41b (size before relaxing)
 .debug_str     0x00184eee      0x129 Core/Src/stm32h7xx_it.o
                             0x16f86d (size before relaxing)
 .debug_str     0x00185017      0x481 Core/Src/usart.o
                             0x170750 (size before relaxing)
 .debug_str     0x00185498       0x36 Core/Startup/startup_stm32h745zitx.o
                                 0x72 (size before relaxing)
 .debug_str     0x001854ce      0xa93 Drivers/STM32H7xx_HAL_Driver/stm32h7xx_hal.o
                             0x17084c (size before relaxing)
 .debug_str     0x00185f61      0x367 Drivers/STM32H7xx_HAL_Driver/stm32h7xx_hal_cortex.o
                             0x16ffa4 (size before relaxing)
 .debug_str     0x001862c8      0x888 Drivers/STM32H7xx_HAL_Driver/stm32h7xx_hal_dma.o
                             0x16fe53 (size before relaxing)
 .debug_str     0x00186b50      0x25c Drivers/STM32H7xx_HAL_Driver/stm32h7xx_hal_gpio.o
                             0x16f819 (size before relaxing)
 .debug_str     0x00186dac      0x1d2 Drivers/STM32H7xx_HAL_Driver/stm32h7xx_hal_hsem.o
                             0x16f3cf (size before relaxing)
 .debug_str     0x00186f7e      0x6ca Drivers/STM32H7xx_HAL_Driver/stm32h7xx_hal_pwr_ex.o
                             0x16fb9a (size before relaxing)
 .debug_str     0x00187648      0x535 Drivers/STM32H7xx_HAL_Driver/stm32h7xx_hal_rcc.o
                             0x16fac5 (size before relaxing)
 .debug_str     0x00187b7d      0x69e Drivers/STM32H7xx_HAL_Driver/stm32h7xx_hal_rcc_ex.o
                             0x16ffd1 (size before relaxing)
 .debug_str     0x0018821b      0x93b Drivers/STM32H7xx_HAL_Driver/stm32h7xx_hal_uart.o
                             0x1705b8 (size before relaxing)
 .debug_str     0x00188b56      0x282 Drivers/STM32H7xx_HAL_Driver/stm32h7xx_hal_uart_ex.o
                             0x16fb42 (size before relaxing)

.comment        0x00000000       0x4d
 .comment       0x00000000       0x4d App/Src/stream_test.o
                                 0x4e (size before relaxing)
 .comment       0x0000004d       0x4e App/Src/usart.o
 .comment       0x0000004d       0x4e Common/Src/system_stm32h7xx_dualcore_boot_cm4_cm7.o
 .comment       0x0000004d       0x4e Core/Src/dma.o
 .comment       0x0000004d       0x4e Core/Src/gpio.o
 .comment       0x0000004d       0x4e Core/Src/main.o
 .comment       0x0000004d       0x4e Core/Src/stm32h7xx_hal_msp.o
 .comment       0x0000004d       0x4e Core/Src/stm32h7xx_it.o
 .comment       0x0000004d       0x4e Core/Src/usart.o
 .comment       0x0000004d       0x4e Drivers/STM32H7xx_HAL_Driver/stm32h7xx_hal.o
 .comment       0x0000004d       0x4e Drivers/STM32H7xx_HAL_Driver/stm32h7xx_hal_cortex.o
 .comment       0x0000004d       0x4e Drivers/STM32H7xx_HAL_Driver/stm32h7xx_hal_dma.o
 .comment       0x0000004d       0x4e Drivers/STM32H7xx_HAL_Driver/stm32h7xx_hal_gpio.o
 .comment       0x0000004d       0x4e Drivers/STM32H7xx_HAL_Driver/stm32h7xx_hal_hsem.o
 .comment       0x0000004d       0x4e Drivers/STM32H7xx_HAL_Driver/stm32h7xx_hal_pwr_ex.o
 .comment       0x0000004d       0x4e Drivers/STM32H7xx_HAL_Driver/stm32h7xx_hal_rcc.o
 .comment       0x0000004d       0x4e Drivers/STM32H7xx_HAL_Driver/stm32h7xx_hal_rcc_ex.o
 .comment       0x0000004d       0x4e Drivers/STM32H7xx_HAL_Driver/stm32h7xx_hal_uart.o
 .comment       0x0000004d       0x4e Drivers/STM32H7xx_HAL_Driver/stm32h7xx_hal_uart_ex.o

.debug_frame    0x00000000     0x1d20
 .debug_frame   0x00000000       0xd8 App/Src/stream_test.o
 .debug_frame   0x000000d8       0x90 App/Src/usart.o
 .debug_frame   0x00000168       0x3c Common/Src/system_stm32h7xx_dualcore_boot_cm4_cm7.o
 .debug_frame   0x000001a4       0x2c Core/Src/dma.o
 .debug_frame   0x000001d0       0x28 Core/Src/gpio.o
 .debug_frame   0x000001f8       0x38 Core/Src/main.o
 .debug_frame   0x00000230       0x28 Core/Src/stm32h7xx_hal_msp.o
 .debug_frame   0x00000258       0xc0 Core/Src/stm32h7xx_it.o
 .debug_frame   0x00000318       0x74 Core/Src/usart.o
 .debug_frame   0x0000038c      0x464 Drivers/STM32H7xx_HAL_Driver/stm32h7xx_hal.o
 .debug_frame   0x000007f0      0x168 Drivers/STM32H7xx_HAL_Driver/stm32h7xx_hal_cortex.o
 .debug_frame   0x00000958      0x1c0 Drivers/STM32H7xx_HAL_Driver/stm32h7xx_hal_dma.o
 .debug_frame   0x00000b18       0xd4 Drivers/STM32H7xx_HAL_Driver/stm32h7xx_hal_gpio.o
 .debug_frame   0x00000bec       0xc8 Drivers/STM32H7xx_HAL_Driver/stm32h7xx_hal_hsem.o
 .debug_frame   0x00000cb4      0x340 Drivers/STM32H7xx_HAL_Driver/stm32h7xx_hal_pwr_ex.o
 .debug_frame   0x00000ff4      0x178 Drivers/STM32H7xx_HAL_Driver/stm32h7xx_hal_rcc.o
 .debug_frame   0x0000116c      0x290 Drivers/STM32H7xx_HAL_Driver/stm32h7xx_hal_rcc_ex.o
 .debug_frame   0x000013fc      0x690 Drivers/STM32H7xx_HAL_Driver/stm32h7xx_hal_uart.o
 .debug_frame   0x00001a8c      0x198 Drivers/STM32H7xx_HAL_Driver/stm32h7xx_hal_uart_ex.o
 .debug_frame   0x00001c24       0x2c c:/program files (x86)/gnu arm embedded toolchain/10 2020-q4-major/bin/../lib/gcc/arm-none-eabi/10.2.1/../../../../arm-none-eabi/lib/thumb/v7e-m+fp/hard\libc_nano.a(lib_a-init.o)
 .debug_frame   0x00001c50       0x28 c:/program files (x86)/gnu arm embedded toolchain/10 2020-q4-major/bin/../lib/gcc/arm-none-eabi/10.2.1/../../../../arm-none-eabi/lib/thumb/v7e-m+fp/hard\libc_nano.a(lib_a-memcpy-stub.o)
 .debug_frame   0x00001c78       0x28 c:/program files (x86)/gnu arm embedded toolchain/10 2020-q4-major/bin/../lib/gcc/arm-none-eabi/10.2.1/../../../../arm-none-eabi/lib/thumb/v7e-m+fp/hard\libc_nano.a(lib_a-memmove.o)
 .debug_frame   0x00001ca0       0x20 c:/program files (x86)/gnu arm embedded toolchain/10 2020-q4-major/bin/../lib/gcc/arm-none-eabi/10.2.1/../../../../arm-none-eabi/lib/thumb/v7e-m+fp/hard\libc_nano.a(lib_a-memset.o)
 .debug_frame   0x00001cc0       0x2c c:/program files (x86)/gnu arm embedded toolchain/10 2020-q4-major/bin/../lib/gcc/arm-none-eabi/10.2.1/thumb/v7e-m+fp/hard\libgcc.a(_aeabi_uldivmod.o)
 .debug_frame   0x00001cec       0x34 c:/program files (x86)/gnu arm embedded toolchain/10 2020-q4-major/bin/../lib/gcc/arm-none-eabi/10.2.1/thumb/v7e-m+fp/hard\libgcc.a(_udivmoddi4.o)
